SQL> select CURRENT_TIMESTAMP FROM DUAL;

CURRENT_TIMESTAMP                                                               
---------------------------------------------------------------------------     
06-FEB-24 08.39.13.639000 PM +05:30                                             

SQL> SHOW USER
USER is "MRIDUL"
SQL> .SELECT * FROM EMPLOYEE_INFO;
SP2-0734: unknown command beginning ".SELECT * ..." - rest of line ignored.
SQL> SELECT * FROM EMPLOYEE_INFO;
SELECT * FROM EMPLOYEE_INFO
              *
ERROR at line 1:
ORA-00942: table or view does not exist 


SQL> SELECT * FROM EMP;

       EMP ENAME                JOB                         MGR HIREDATE        
---------- -------------------- -------------------- ---------- ---------       
       SAL       COMM     DEPTNO                                                
---------- ---------- ----------                                                
      1234 Saurabh                                                              
                                                                                
                                                                                
      7369 Smith                Clerk                      7902 17-DEC-80       
      7000                    20                                                
                                                                                
      7499 ALLEN                SALESMAN                   7698 20-FEB-81       
      1600        300         30                                                
                                                                                

       EMP ENAME                JOB                         MGR HIREDATE        
---------- -------------------- -------------------- ---------- ---------       
       SAL       COMM     DEPTNO                                                
---------- ---------- ----------                                                
      7521 WARD                 SALESMAN                   7698 22-FEB-81       
      1250        500         30                                                
                                                                                
      7566 JONES                MANAGER                    7839 02-APR-81       
      2975                    20                                                
                                                                                
      7654 MARTIN               SALESMAN                   7698 28-SEP-81       
      1250       1400         30                                                
                                                                                

       EMP ENAME                JOB                         MGR HIREDATE        
---------- -------------------- -------------------- ---------- ---------       
       SAL       COMM     DEPTNO                                                
---------- ---------- ----------                                                
      7698 BLAKE                MANAGER                    7839 01-MAY-81       
      2850                    30                                                
                                                                                
      7698 CLARK                MANAGER                    7839 09-JUL-81       
      2450                    10                                                
                                                                                
      7788 SCOT                 ANALYST                    7566 19-APR-87       
      3000                    20                                                
                                                                                

       EMP ENAME                JOB                         MGR HIREDATE        
---------- -------------------- -------------------- ---------- ---------       
       SAL       COMM     DEPTNO                                                
---------- ---------- ----------                                                
      7839 KING                 PRESIDENT                       17-NOV-81       
      3500                    10                                                
                                                                                
      7844 TURNER               SALESMAN                   7698 08-AUG-81       
      1500          0         30                                                
                                                                                
      7876 ADAMS                CLERK                      7788 23-MAY-87       
      1100                    20                                                
                                                                                

       EMP ENAME                JOB                         MGR HIREDATE        
---------- -------------------- -------------------- ---------- ---------       
       SAL       COMM     DEPTNO                                                
---------- ---------- ----------                                                
      7900 JAMES                CLERK                      7968 03-DEC-81       
       950                    30                                                
                                                                                
      7902 FORD                 ANALYST                    7566 03-DEC-81       
      3000                    20                                                
                                                                                
      7934 MILLER               CLERK                      7782 23-JAN-82       
      1300                    10                                                
                                                                                

       EMP ENAME                JOB                         MGR HIREDATE        
---------- -------------------- -------------------- ---------- ---------       
       SAL       COMM     DEPTNO                                                
---------- ---------- ----------                                                
      7994 MILLES               CLERK                      7788 23-JAN-85       
      1300       1500         10                                                
                                                                                
      7834 GARV                 SALESMAN                   7822 12-JAN-82       
      1500                    10                                                
                                                                                
      8034 MILES                MANAGER                    7666 08-AUG-82       
      4300                    10                                                
                                                                                

       EMP ENAME                JOB                         MGR HIREDATE        
---------- -------------------- -------------------- ---------- ---------       
       SAL       COMM     DEPTNO                                                
---------- ---------- ----------                                                
      8888 SAM                  CLERK                      7785 23-JAN-87       
      3300                    10                                                
                                                                                
      8868 WILLIAM              ANALYST                    7885 23-OCT-87       
      3300       1000         10                                                
                                                                                

20 rows selected.

SQL> set linesize 600
SQL> SELECT * FROM EMP;

       EMP ENAME                JOB                         MGR HIREDATE         SAL       COMM     DEPTNO                                                                                                                                                                                                                                                                                                                                                                                                                                                                                                              
---------- -------------------- -------------------- ---------- --------- ---------- ---------- ----------                                                                                                                                                                                                                                                                                                                                                                                                                                                                                                              
      1234 Saurabh                                                                                                                                                                                                                                                                                                                                                                                                                                                                                                                                                                                                      
      7369 Smith                Clerk                      7902 17-DEC-80       7000                    20                                                                                                                                                                                                                                                                                                                                                                                                                                                                                                              
      7499 ALLEN                SALESMAN                   7698 20-FEB-81       1600        300         30                                                                                                                                                                                                                                                                                                                                                                                                                                                                                                              
      7521 WARD                 SALESMAN                   7698 22-FEB-81       1250        500         30                                                                                                                                                                                                                                                                                                                                                                                                                                                                                                              
      7566 JONES                MANAGER                    7839 02-APR-81       2975                    20                                                                                                                                                                                                                                                                                                                                                                                                                                                                                                              
      7654 MARTIN               SALESMAN                   7698 28-SEP-81       1250       1400         30                                                                                                                                                                                                                                                                                                                                                                                                                                                                                                              
      7698 BLAKE                MANAGER                    7839 01-MAY-81       2850                    30                                                                                                                                                                                                                                                                                                                                                                                                                                                                                                              
      7698 CLARK                MANAGER                    7839 09-JUL-81       2450                    10                                                                                                                                                                                                                                                                                                                                                                                                                                                                                                              
      7788 SCOT                 ANALYST                    7566 19-APR-87       3000                    20                                                                                                                                                                                                                                                                                                                                                                                                                                                                                                              
      7839 KING                 PRESIDENT                       17-NOV-81       3500                    10                                                                                                                                                                                                                                                                                                                                                                                                                                                                                                              
      7844 TURNER               SALESMAN                   7698 08-AUG-81       1500          0         30                                                                                                                                                                                                                                                                                                                                                                                                                                                                                                              

       EMP ENAME                JOB                         MGR HIREDATE         SAL       COMM     DEPTNO                                                                                                                                                                                                                                                                                                                                                                                                                                                                                                              
---------- -------------------- -------------------- ---------- --------- ---------- ---------- ----------                                                                                                                                                                                                                                                                                                                                                                                                                                                                                                              
      7876 ADAMS                CLERK                      7788 23-MAY-87       1100                    20                                                                                                                                                                                                                                                                                                                                                                                                                                                                                                              
      7900 JAMES                CLERK                      7968 03-DEC-81        950                    30                                                                                                                                                                                                                                                                                                                                                                                                                                                                                                              
      7902 FORD                 ANALYST                    7566 03-DEC-81       3000                    20                                                                                                                                                                                                                                                                                                                                                                                                                                                                                                              
      7934 MILLER               CLERK                      7782 23-JAN-82       1300                    10                                                                                                                                                                                                                                                                                                                                                                                                                                                                                                              
      7994 MILLES               CLERK                      7788 23-JAN-85       1300       1500         10                                                                                                                                                                                                                                                                                                                                                                                                                                                                                                              
      7834 GARV                 SALESMAN                   7822 12-JAN-82       1500                    10                                                                                                                                                                                                                                                                                                                                                                                                                                                                                                              
      8034 MILES                MANAGER                    7666 08-AUG-82       4300                    10                                                                                                                                                                                                                                                                                                                                                                                                                                                                                                              
      8888 SAM                  CLERK                      7785 23-JAN-87       3300                    10                                                                                                                                                                                                                                                                                                                                                                                                                                                                                                              
      8868 WILLIAM              ANALYST                    7885 23-OCT-87       3300       1000         10                                                                                                                                                                                                                                                                                                                                                                                                                                                                                                              

20 rows selected.

SQL> SELECT * FROM DEPT;

    DEPTNO DNAME                LOC                                                                                                                                                                                                                                                                                                                                                                                                                                                                                                                                                                                     
---------- -------------------- --------------------                                                                                                                                                                                                                                                                                                                                                                                                                                                                                                                                                                    
        60 HR                   MUMBAI                                                                                                                                                                                                                                                                                                                                                                                                                                                                                                                                                                                  
        10 ACCOUNTING           NEW YORK                                                                                                                                                                                                                                                                                                                                                                                                                                                                                                                                                                                
        20 RESEARCH             DALLAS                                                                                                                                                                                                                                                                                                                                                                                                                                                                                                                                                                                  
        30 SALES                CHICAGO                                                                                                                                                                                                                                                                                                                                                                                                                                                                                                                                                                                 
        40 OPERATIONS           BOSTON                                                                                                                                                                                                                                                                                                                                                                                                                                                                                                                                                                                  
        50 IT                   NAGPUR                                                                                                                                                                                                                                                                                                                                                                                                                                                                                                                                                                                  
        70 AQUISITIONS          DELHI                                                                                                                                                                                                                                                                                                                                                                                                                                                                                                                                                                                   
        80 MERGERS              PUNE                                                                                                                                                                                                                                                                                                                                                                                                                                                                                                                                                                                    
        80 MANAGEMENT           HYDERABAD                                                                                                                                                                                                                                                                                                                                                                                                                                                                                                                                                                               
       100 INVESTMENTS          KOLKATA                                                                                                                                                                                                                                                                                                                                                                                                                                                                                                                                                                                 

10 rows selected.

SQL> Select ENAME,JOB from EMP;

ENAME                JOB                                                                                                                                                                                                                                                                                                                                                                                                                                                                                                                                                                                                
-------------------- --------------------                                                                                                                                                                                                                                                                                                                                                                                                                                                                                                                                                                               
Saurabh                                                                                                                                                                                                                                                                                                                                                                                                                                                                                                                                                                                                                 
Smith                Clerk                                                                                                                                                                                                                                                                                                                                                                                                                                                                                                                                                                                              
ALLEN                SALESMAN                                                                                                                                                                                                                                                                                                                                                                                                                                                                                                                                                                                           
WARD                 SALESMAN                                                                                                                                                                                                                                                                                                                                                                                                                                                                                                                                                                                           
JONES                MANAGER                                                                                                                                                                                                                                                                                                                                                                                                                                                                                                                                                                                            
MARTIN               SALESMAN                                                                                                                                                                                                                                                                                                                                                                                                                                                                                                                                                                                           
BLAKE                MANAGER                                                                                                                                                                                                                                                                                                                                                                                                                                                                                                                                                                                            
CLARK                MANAGER                                                                                                                                                                                                                                                                                                                                                                                                                                                                                                                                                                                            
SCOT                 ANALYST                                                                                                                                                                                                                                                                                                                                                                                                                                                                                                                                                                                            
KING                 PRESIDENT                                                                                                                                                                                                                                                                                                                                                                                                                                                                                                                                                                                          
TURNER               SALESMAN                                                                                                                                                                                                                                                                                                                                                                                                                                                                                                                                                                                           

ENAME                JOB                                                                                                                                                                                                                                                                                                                                                                                                                                                                                                                                                                                                
-------------------- --------------------                                                                                                                                                                                                                                                                                                                                                                                                                                                                                                                                                                               
ADAMS                CLERK                                                                                                                                                                                                                                                                                                                                                                                                                                                                                                                                                                                              
JAMES                CLERK                                                                                                                                                                                                                                                                                                                                                                                                                                                                                                                                                                                              
FORD                 ANALYST                                                                                                                                                                                                                                                                                                                                                                                                                                                                                                                                                                                            
MILLER               CLERK                                                                                                                                                                                                                                                                                                                                                                                                                                                                                                                                                                                              
MILLES               CLERK                                                                                                                                                                                                                                                                                                                                                                                                                                                                                                                                                                                              
GARV                 SALESMAN                                                                                                                                                                                                                                                                                                                                                                                                                                                                                                                                                                                           
MILES                MANAGER                                                                                                                                                                                                                                                                                                                                                                                                                                                                                                                                                                                            
SAM                  CLERK                                                                                                                                                                                                                                                                                                                                                                                                                                                                                                                                                                                              
WILLIAM              ANALYST                                                                                                                                                                                                                                                                                                                                                                                                                                                                                                                                                                                            

20 rows selected.

SQL> select ENAME,SAL from EMP;

ENAME                       SAL                                                                                                                                                                                                                                                                                                                                                                                                                                                                                                                                                                                         
-------------------- ----------                                                                                                                                                                                                                                                                                                                                                                                                                                                                                                                                                                                         
Saurabh                                                                                                                                                                                                                                                                                                                                                                                                                                                                                                                                                                                                                 
Smith                      7000                                                                                                                                                                                                                                                                                                                                                                                                                                                                                                                                                                                         
ALLEN                      1600                                                                                                                                                                                                                                                                                                                                                                                                                                                                                                                                                                                         
WARD                       1250                                                                                                                                                                                                                                                                                                                                                                                                                                                                                                                                                                                         
JONES                      2975                                                                                                                                                                                                                                                                                                                                                                                                                                                                                                                                                                                         
MARTIN                     1250                                                                                                                                                                                                                                                                                                                                                                                                                                                                                                                                                                                         
BLAKE                      2850                                                                                                                                                                                                                                                                                                                                                                                                                                                                                                                                                                                         
CLARK                      2450                                                                                                                                                                                                                                                                                                                                                                                                                                                                                                                                                                                         
SCOT                       3000                                                                                                                                                                                                                                                                                                                                                                                                                                                                                                                                                                                         
KING                       3500                                                                                                                                                                                                                                                                                                                                                                                                                                                                                                                                                                                         
TURNER                     1500                                                                                                                                                                                                                                                                                                                                                                                                                                                                                                                                                                                         

ENAME                       SAL                                                                                                                                                                                                                                                                                                                                                                                                                                                                                                                                                                                         
-------------------- ----------                                                                                                                                                                                                                                                                                                                                                                                                                                                                                                                                                                                         
ADAMS                      1100                                                                                                                                                                                                                                                                                                                                                                                                                                                                                                                                                                                         
JAMES                       950                                                                                                                                                                                                                                                                                                                                                                                                                                                                                                                                                                                         
FORD                       3000                                                                                                                                                                                                                                                                                                                                                                                                                                                                                                                                                                                         
MILLER                     1300                                                                                                                                                                                                                                                                                                                                                                                                                                                                                                                                                                                         
MILLES                     1300                                                                                                                                                                                                                                                                                                                                                                                                                                                                                                                                                                                         
GARV                       1500                                                                                                                                                                                                                                                                                                                                                                                                                                                                                                                                                                                         
MILES                      4300                                                                                                                                                                                                                                                                                                                                                                                                                                                                                                                                                                                         
SAM                        3300                                                                                                                                                                                                                                                                                                                                                                                                                                                                                                                                                                                         
WILLIAM                    3300                                                                                                                                                                                                                                                                                                                                                                                                                                                                                                                                                                                         

20 rows selected.

SQL> select ENAME from EMP WHERE DEPTNO=10;

ENAME                                                                                                                                                                                                                                                                                                                                                                                                                                                                                                                                                                                                                   
--------------------                                                                                                                                                                                                                                                                                                                                                                                                                                                                                                                                                                                                    
CLARK                                                                                                                                                                                                                                                                                                                                                                                                                                                                                                                                                                                                                   
KING                                                                                                                                                                                                                                                                                                                                                                                                                                                                                                                                                                                                                    
MILLER                                                                                                                                                                                                                                                                                                                                                                                                                                                                                                                                                                                                                  
MILLES                                                                                                                                                                                                                                                                                                                                                                                                                                                                                                                                                                                                                  
GARV                                                                                                                                                                                                                                                                                                                                                                                                                                                                                                                                                                                                                    
MILES                                                                                                                                                                                                                                                                                                                                                                                                                                                                                                                                                                                                                   
SAM                                                                                                                                                                                                                                                                                                                                                                                                                                                                                                                                                                                                                     
WILLIAM                                                                                                                                                                                                                                                                                                                                                                                                                                                                                                                                                                                                                 

8 rows selected.

SQL> select ENAME from EMP WHERE JOB='CLERK' AND SAL>3000;

ENAME                                                                                                                                                                                                                                                                                                                                                                                                                                                                                                                                                                                                                   
--------------------                                                                                                                                                                                                                                                                                                                                                                                                                                                                                                                                                                                                    
SAM                                                                                                                                                                                                                                                                                                                                                                                                                                                                                                                                                                                                                     

SQL> select EMPNO,ENAME from EMP WERE COMM>0;
select EMPNO,ENAME from EMP WERE COMM>0
                                 *
ERROR at line 1:
ORA-00933: SQL command not properly ended 


SQL> select EMPNO,ENAME from EMP WHERE COMM>0;
select EMPNO,ENAME from EMP WHERE COMM>0
       *
ERROR at line 1:
ORA-00904: "EMPNO": invalid identifier 


SQL> select EMP,ENAME from EMP WHERE COMM>0;

       EMP ENAME                                                                                                                                                                                                                                                                                                                                                                                                                                                                                                                                                                                                        
---------- --------------------                                                                                                                                                                                                                                                                                                                                                                                                                                                                                                                                                                                         
      7499 ALLEN                                                                                                                                                                                                                                                                                                                                                                                                                                                                                                                                                                                                        
      7521 WARD                                                                                                                                                                                                                                                                                                                                                                                                                                                                                                                                                                                                         
      7654 MARTIN                                                                                                                                                                                                                                                                                                                                                                                                                                                                                                                                                                                                       
      7994 MILLES                                                                                                                                                                                                                                                                                                                                                                                                                                                                                                                                                                                                       
      8868 WILLIAM                                                                                                                                                                                                                                                                                                                                                                                                                                                                                                                                                                                                      

SQL> select EMP,ENAME from EMP WHERE COMM is null;

       EMP ENAME                                                                                                                                                                                                                                                                                                                                                                                                                                                                                                                                                                                                        
---------- --------------------                                                                                                                                                                                                                                                                                                                                                                                                                                                                                                                                                                                         
      1234 Saurabh                                                                                                                                                                                                                                                                                                                                                                                                                                                                                                                                                                                                      
      7369 Smith                                                                                                                                                                                                                                                                                                                                                                                                                                                                                                                                                                                                        
      7566 JONES                                                                                                                                                                                                                                                                                                                                                                                                                                                                                                                                                                                                        
      7698 BLAKE                                                                                                                                                                                                                                                                                                                                                                                                                                                                                                                                                                                                        
      7698 CLARK                                                                                                                                                                                                                                                                                                                                                                                                                                                                                                                                                                                                        
      7788 SCOT                                                                                                                                                                                                                                                                                                                                                                                                                                                                                                                                                                                                         
      7839 KING                                                                                                                                                                                                                                                                                                                                                                                                                                                                                                                                                                                                         
      7876 ADAMS                                                                                                                                                                                                                                                                                                                                                                                                                                                                                                                                                                                                        
      7900 JAMES                                                                                                                                                                                                                                                                                                                                                                                                                                                                                                                                                                                                        
      7902 FORD                                                                                                                                                                                                                                                                                                                                                                                                                                                                                                                                                                                                         
      7934 MILLER                                                                                                                                                                                                                                                                                                                                                                                                                                                                                                                                                                                                       

       EMP ENAME                                                                                                                                                                                                                                                                                                                                                                                                                                                                                                                                                                                                        
---------- --------------------                                                                                                                                                                                                                                                                                                                                                                                                                                                                                                                                                                                         
      7834 GARV                                                                                                                                                                                                                                                                                                                                                                                                                                                                                                                                                                                                         
      8034 MILES                                                                                                                                                                                                                                                                                                                                                                                                                                                                                                                                                                                                        
      8888 SAM                                                                                                                                                                                                                                                                                                                                                                                                                                                                                                                                                                                                          

14 rows selected.

SQL> select ENAME from EMP WHERE job='CLERK' OR job='SALESMAN' OR job='ANALYST' AND SAL>3000;

ENAME                                                                                                                                                                                                                                                                                                                                                                                                                                                                                                                                                                                                                   
--------------------                                                                                                                                                                                                                                                                                                                                                                                                                                                                                                                                                                                                    
ALLEN                                                                                                                                                                                                                                                                                                                                                                                                                                                                                                                                                                                                                   
WARD                                                                                                                                                                                                                                                                                                                                                                                                                                                                                                                                                                                                                    
MARTIN                                                                                                                                                                                                                                                                                                                                                                                                                                                                                                                                                                                                                  
TURNER                                                                                                                                                                                                                                                                                                                                                                                                                                                                                                                                                                                                                  
ADAMS                                                                                                                                                                                                                                                                                                                                                                                                                                                                                                                                                                                                                   
JAMES                                                                                                                                                                                                                                                                                                                                                                                                                                                                                                                                                                                                                   
MILLER                                                                                                                                                                                                                                                                                                                                                                                                                                                                                                                                                                                                                  
MILLES                                                                                                                                                                                                                                                                                                                                                                                                                                                                                                                                                                                                                  
GARV                                                                                                                                                                                                                                                                                                                                                                                                                                                                                                                                                                                                                    
SAM                                                                                                                                                                                                                                                                                                                                                                                                                                                                                                                                                                                                                     
WILLIAM                                                                                                                                                                                                                                                                                                                                                                                                                                                                                                                                                                                                                 

11 rows selected.

SQL> .select ENAME from EMP WHERE to_char(SYSDATE,'YYYY') - to_char(HIREDATE,'YYYY')>=5;
SP2-0734: unknown command beginning ".select EN..." - rest of line ignored.
SQL> select ENAME from EMP WHERE to_char(SYSDATE,'YYYY') - to_char(HIREDATE,'YYYY')>=5;

ENAME                                                                                                                                                                                                                                                                                                                                                                                                                                                                                                                                                                                                                   
--------------------                                                                                                                                                                                                                                                                                                                                                                                                                                                                                                                                                                                                    
Smith                                                                                                                                                                                                                                                                                                                                                                                                                                                                                                                                                                                                                   
ALLEN                                                                                                                                                                                                                                                                                                                                                                                                                                                                                                                                                                                                                   
WARD                                                                                                                                                                                                                                                                                                                                                                                                                                                                                                                                                                                                                    
JONES                                                                                                                                                                                                                                                                                                                                                                                                                                                                                                                                                                                                                   
MARTIN                                                                                                                                                                                                                                                                                                                                                                                                                                                                                                                                                                                                                  
BLAKE                                                                                                                                                                                                                                                                                                                                                                                                                                                                                                                                                                                                                   
CLARK                                                                                                                                                                                                                                                                                                                                                                                                                                                                                                                                                                                                                   
SCOT                                                                                                                                                                                                                                                                                                                                                                                                                                                                                                                                                                                                                    
KING                                                                                                                                                                                                                                                                                                                                                                                                                                                                                                                                                                                                                    
TURNER                                                                                                                                                                                                                                                                                                                                                                                                                                                                                                                                                                                                                  
ADAMS                                                                                                                                                                                                                                                                                                                                                                                                                                                                                                                                                                                                                   

ENAME                                                                                                                                                                                                                                                                                                                                                                                                                                                                                                                                                                                                                   
--------------------                                                                                                                                                                                                                                                                                                                                                                                                                                                                                                                                                                                                    
JAMES                                                                                                                                                                                                                                                                                                                                                                                                                                                                                                                                                                                                                   
FORD                                                                                                                                                                                                                                                                                                                                                                                                                                                                                                                                                                                                                    
MILLER                                                                                                                                                                                                                                                                                                                                                                                                                                                                                                                                                                                                                  
MILLES                                                                                                                                                                                                                                                                                                                                                                                                                                                                                                                                                                                                                  
GARV                                                                                                                                                                                                                                                                                                                                                                                                                                                                                                                                                                                                                    
MILES                                                                                                                                                                                                                                                                                                                                                                                                                                                                                                                                                                                                                   
SAM                                                                                                                                                                                                                                                                                                                                                                                                                                                                                                                                                                                                                     
WILLIAM                                                                                                                                                                                                                                                                                                                                                                                                                                                                                                                                                                                                                 

19 rows selected.

SQL> Select ENAME from EMP WHERE HIREDATE <'30-jun-90' OR HIREDATE>'31-dec-90'.
  2  ;
Select ENAME from EMP WHERE HIREDATE <'30-jun-90' OR HIREDATE>'31-dec-90'.
                                                                         *
ERROR at line 1:
ORA-00933: SQL command not properly ended 


SQL> Select ENAME from EMP WHERE HIREDATE <'30-jun-90' OR HIREDATE>'31-dec-90';

ENAME                                                                                                                                                                                                                                                                                                                                                                                                                                                                                                                                                                                                                   
--------------------                                                                                                                                                                                                                                                                                                                                                                                                                                                                                                                                                                                                    
Smith                                                                                                                                                                                                                                                                                                                                                                                                                                                                                                                                                                                                                   
ALLEN                                                                                                                                                                                                                                                                                                                                                                                                                                                                                                                                                                                                                   
WARD                                                                                                                                                                                                                                                                                                                                                                                                                                                                                                                                                                                                                    
JONES                                                                                                                                                                                                                                                                                                                                                                                                                                                                                                                                                                                                                   
MARTIN                                                                                                                                                                                                                                                                                                                                                                                                                                                                                                                                                                                                                  
BLAKE                                                                                                                                                                                                                                                                                                                                                                                                                                                                                                                                                                                                                   
CLARK                                                                                                                                                                                                                                                                                                                                                                                                                                                                                                                                                                                                                   
SCOT                                                                                                                                                                                                                                                                                                                                                                                                                                                                                                                                                                                                                    
KING                                                                                                                                                                                                                                                                                                                                                                                                                                                                                                                                                                                                                    
TURNER                                                                                                                                                                                                                                                                                                                                                                                                                                                                                                                                                                                                                  
ADAMS                                                                                                                                                                                                                                                                                                                                                                                                                                                                                                                                                                                                                   

ENAME                                                                                                                                                                                                                                                                                                                                                                                                                                                                                                                                                                                                                   
--------------------                                                                                                                                                                                                                                                                                                                                                                                                                                                                                                                                                                                                    
JAMES                                                                                                                                                                                                                                                                                                                                                                                                                                                                                                                                                                                                                   
FORD                                                                                                                                                                                                                                                                                                                                                                                                                                                                                                                                                                                                                    
MILLER                                                                                                                                                                                                                                                                                                                                                                                                                                                                                                                                                                                                                  
MILLES                                                                                                                                                                                                                                                                                                                                                                                                                                                                                                                                                                                                                  
GARV                                                                                                                                                                                                                                                                                                                                                                                                                                                                                                                                                                                                                    
MILES                                                                                                                                                                                                                                                                                                                                                                                                                                                                                                                                                                                                                   
SAM                                                                                                                                                                                                                                                                                                                                                                                                                                                                                                                                                                                                                     
WILLIAM                                                                                                                                                                                                                                                                                                                                                                                                                                                                                                                                                                                                                 

19 rows selected.

SQL> Select ENAME from EMP WHERE ENAME LIKE'S%';

ENAME                                                                                                                                                                                                                                                                                                                                                                                                                                                                                                                                                                                                                   
--------------------                                                                                                                                                                                                                                                                                                                                                                                                                                                                                                                                                                                                    
Saurabh                                                                                                                                                                                                                                                                                                                                                                                                                                                                                                                                                                                                                 
Smith                                                                                                                                                                                                                                                                                                                                                                                                                                                                                                                                                                                                                   
SCOT                                                                                                                                                                                                                                                                                                                                                                                                                                                                                                                                                                                                                    
SAM                                                                                                                                                                                                                                                                                                                                                                                                                                                                                                                                                                                                                     

SQL> Select ENAME from EMP WHERE ENAME LIKE'%S';

ENAME                                                                                                                                                                                                                                                                                                                                                                                                                                                                                                                                                                                                                   
--------------------                                                                                                                                                                                                                                                                                                                                                                                                                                                                                                                                                                                                    
JONES                                                                                                                                                                                                                                                                                                                                                                                                                                                                                                                                                                                                                   
ADAMS                                                                                                                                                                                                                                                                                                                                                                                                                                                                                                                                                                                                                   
JAMES                                                                                                                                                                                                                                                                                                                                                                                                                                                                                                                                                                                                                   
MILLES                                                                                                                                                                                                                                                                                                                                                                                                                                                                                                                                                                                                                  
MILES                                                                                                                                                                                                                                                                                                                                                                                                                                                                                                                                                                                                                   

SQL> Select ENAME from EMP WHERE ENAME LIKE'_A%';

ENAME                                                                                                                                                                                                                                                                                                                                                                                                                                                                                                                                                                                                                   
--------------------                                                                                                                                                                                                                                                                                                                                                                                                                                                                                                                                                                                                    
WARD                                                                                                                                                                                                                                                                                                                                                                                                                                                                                                                                                                                                                    
MARTIN                                                                                                                                                                                                                                                                                                                                                                                                                                                                                                                                                                                                                  
JAMES                                                                                                                                                                                                                                                                                                                                                                                                                                                                                                                                                                                                                   
GARV                                                                                                                                                                                                                                                                                                                                                                                                                                                                                                                                                                                                                    
SAM                                                                                                                                                                                                                                                                                                                                                                                                                                                                                                                                                                                                                     

SQL> Select ENAME from EMP WHERE ENAME LIKE'_';

no rows selected

SQL> Select ENAME from EMP WHERE DEPTNO = 10 OR DEPTNO = 20 OR DEPTNO=40 OR JOB='CLERK' OR JOB='SALESMAN' OR JOB='ANALYST';

ENAME                                                                                                                                                                                                                                                                                                                                                                                                                                                                                                                                                                                                                   
--------------------                                                                                                                                                                                                                                                                                                                                                                                                                                                                                                                                                                                                    
Smith                                                                                                                                                                                                                                                                                                                                                                                                                                                                                                                                                                                                                   
ALLEN                                                                                                                                                                                                                                                                                                                                                                                                                                                                                                                                                                                                                   
WARD                                                                                                                                                                                                                                                                                                                                                                                                                                                                                                                                                                                                                    
JONES                                                                                                                                                                                                                                                                                                                                                                                                                                                                                                                                                                                                                   
MARTIN                                                                                                                                                                                                                                                                                                                                                                                                                                                                                                                                                                                                                  
CLARK                                                                                                                                                                                                                                                                                                                                                                                                                                                                                                                                                                                                                   
SCOT                                                                                                                                                                                                                                                                                                                                                                                                                                                                                                                                                                                                                    
KING                                                                                                                                                                                                                                                                                                                                                                                                                                                                                                                                                                                                                    
TURNER                                                                                                                                                                                                                                                                                                                                                                                                                                                                                                                                                                                                                  
ADAMS                                                                                                                                                                                                                                                                                                                                                                                                                                                                                                                                                                                                                   
JAMES                                                                                                                                                                                                                                                                                                                                                                                                                                                                                                                                                                                                                   

ENAME                                                                                                                                                                                                                                                                                                                                                                                                                                                                                                                                                                                                                   
--------------------                                                                                                                                                                                                                                                                                                                                                                                                                                                                                                                                                                                                    
FORD                                                                                                                                                                                                                                                                                                                                                                                                                                                                                                                                                                                                                    
MILLER                                                                                                                                                                                                                                                                                                                                                                                                                                                                                                                                                                                                                  
MILLES                                                                                                                                                                                                                                                                                                                                                                                                                                                                                                                                                                                                                  
GARV                                                                                                                                                                                                                                                                                                                                                                                                                                                                                                                                                                                                                    
MILES                                                                                                                                                                                                                                                                                                                                                                                                                                                                                                                                                                                                                   
SAM                                                                                                                                                                                                                                                                                                                                                                                                                                                                                                                                                                                                                     
WILLIAM                                                                                                                                                                                                                                                                                                                                                                                                                                                                                                                                                                                                                 

18 rows selected.

SQL> Select ENAME from EMP WHERE JOB NOT IN 'MANAGER';

ENAME                                                                                                                                                                                                                                                                                                                                                                                                                                                                                                                                                                                                                   
--------------------                                                                                                                                                                                                                                                                                                                                                                                                                                                                                                                                                                                                    
Smith                                                                                                                                                                                                                                                                                                                                                                                                                                                                                                                                                                                                                   
ALLEN                                                                                                                                                                                                                                                                                                                                                                                                                                                                                                                                                                                                                   
WARD                                                                                                                                                                                                                                                                                                                                                                                                                                                                                                                                                                                                                    
MARTIN                                                                                                                                                                                                                                                                                                                                                                                                                                                                                                                                                                                                                  
SCOT                                                                                                                                                                                                                                                                                                                                                                                                                                                                                                                                                                                                                    
KING                                                                                                                                                                                                                                                                                                                                                                                                                                                                                                                                                                                                                    
TURNER                                                                                                                                                                                                                                                                                                                                                                                                                                                                                                                                                                                                                  
ADAMS                                                                                                                                                                                                                                                                                                                                                                                                                                                                                                                                                                                                                   
JAMES                                                                                                                                                                                                                                                                                                                                                                                                                                                                                                                                                                                                                   
FORD                                                                                                                                                                                                                                                                                                                                                                                                                                                                                                                                                                                                                    
MILLER                                                                                                                                                                                                                                                                                                                                                                                                                                                                                                                                                                                                                  

ENAME                                                                                                                                                                                                                                                                                                                                                                                                                                                                                                                                                                                                                   
--------------------                                                                                                                                                                                                                                                                                                                                                                                                                                                                                                                                                                                                    
MILLES                                                                                                                                                                                                                                                                                                                                                                                                                                                                                                                                                                                                                  
GARV                                                                                                                                                                                                                                                                                                                                                                                                                                                                                                                                                                                                                    
SAM                                                                                                                                                                                                                                                                                                                                                                                                                                                                                                                                                                                                                     
WILLIAM                                                                                                                                                                                                                                                                                                                                                                                                                                                                                                                                                                                                                 

15 rows selected.

SQL> Select ENAME from EMP WHERE JOB = 'MANAGER' OR JOB='PRESIDENT' OR JOB = 'HEAD' OR JOB ='VICE';

ENAME                                                                                                                                                                                                                                                                                                                                                                                                                                                                                                                                                                                                                   
--------------------                                                                                                                                                                                                                                                                                                                                                                                                                                                                                                                                                                                                    
JONES                                                                                                                                                                                                                                                                                                                                                                                                                                                                                                                                                                                                                   
BLAKE                                                                                                                                                                                                                                                                                                                                                                                                                                                                                                                                                                                                                   
CLARK                                                                                                                                                                                                                                                                                                                                                                                                                                                                                                                                                                                                                   
KING                                                                                                                                                                                                                                                                                                                                                                                                                                                                                                                                                                                                                    
MILES                                                                                                                                                                                                                                                                                                                                                                                                                                                                                                                                                                                                                   

SQL> Select CURRENT_DATE FROM DUAL;

CURRENT_D                                                                                                                                                                                                                                                                                                                                                                                                                                                                                                                                                                                                               
---------                                                                                                                                                                                                                                                                                                                                                                                                                                                                                                                                                                                                               
06-FEB-24                                                                                                                                                                                                                                                                                                                                                                                                                                                                                                                                                                                                               

SQL> select * from all_users;

USERNAME                          USER_ID CREATED                                                                                                                                                                                                                                                                                                                                                                                                                                                                                                                                                                       
------------------------------ ---------- ---------                                                                                                                                                                                                                                                                                                                                                                                                                                                                                                                                                                     
XS$NULL                        2147483638 29-MAY-14                                                                                                                                                                                                                                                                                                                                                                                                                                                                                                                                                                     
MRIDUL                                 48 24-JAN-24                                                                                                                                                                                                                                                                                                                                                                                                                                                                                                                                                                     
APEX_040000                            47 29-MAY-14                                                                                                                                                                                                                                                                                                                                                                                                                                                                                                                                                                     
APEX_PUBLIC_USER                       45 29-MAY-14                                                                                                                                                                                                                                                                                                                                                                                                                                                                                                                                                                     
FLOWS_FILES                            44 29-MAY-14                                                                                                                                                                                                                                                                                                                                                                                                                                                                                                                                                                     
HR                                     43 29-MAY-14                                                                                                                                                                                                                                                                                                                                                                                                                                                                                                                                                                     
MDSYS                                  42 29-MAY-14                                                                                                                                                                                                                                                                                                                                                                                                                                                                                                                                                                     
ANONYMOUS                              35 29-MAY-14                                                                                                                                                                                                                                                                                                                                                                                                                                                                                                                                                                     
XDB                                    34 29-MAY-14                                                                                                                                                                                                                                                                                                                                                                                                                                                                                                                                                                     
CTXSYS                                 32 29-MAY-14                                                                                                                                                                                                                                                                                                                                                                                                                                                                                                                                                                     
APPQOSSYS                              30 29-MAY-14                                                                                                                                                                                                                                                                                                                                                                                                                                                                                                                                                                     

USERNAME                          USER_ID CREATED                                                                                                                                                                                                                                                                                                                                                                                                                                                                                                                                                                       
------------------------------ ---------- ---------                                                                                                                                                                                                                                                                                                                                                                                                                                                                                                                                                                     
DBSNMP                                 29 29-MAY-14                                                                                                                                                                                                                                                                                                                                                                                                                                                                                                                                                                     
ORACLE_OCM                             21 29-MAY-14                                                                                                                                                                                                                                                                                                                                                                                                                                                                                                                                                                     
DIP                                    14 29-MAY-14                                                                                                                                                                                                                                                                                                                                                                                                                                                                                                                                                                     
OUTLN                                   9 29-MAY-14                                                                                                                                                                                                                                                                                                                                                                                                                                                                                                                                                                     
SYSTEM                                  5 29-MAY-14                                                                                                                                                                                                                                                                                                                                                                                                                                                                                                                                                                     
SYS                                     0 29-MAY-14                                                                                                                                                                                                                                                                                                                                                                                                                                                                                                                                                                     

17 rows selected.

SQL> select * from tab;

TNAME                          TABTYPE  CLUSTERID                                                                                                                                                                                                                                                                                                                                                                                                                                                                                                                                                                       
------------------------------ ------- ----------                                                                                                                                                                                                                                                                                                                                                                                                                                                                                                                                                                       
DEPT                           TABLE                                                                                                                                                                                                                                                                                                                                                                                                                                                                                                                                                                                    
EMP                            TABLE                                                                                                                                                                                                                                                                                                                                                                                                                                                                                                                                                                                    
STUDENT                        TABLE                                                                                                                                                                                                                                                                                                                                                                                                                                                                                                                                                                                    

SQL> SHOW USER;
USER is "MRIDUL"
SQL> SELECT ENAME,(SAL*12) FROM EMP;

ENAME                  (SAL*12)                                                                                                                                                                                                                                                                                                                                                                                                                                                                                                                                                                                         
-------------------- ----------                                                                                                                                                                                                                                                                                                                                                                                                                                                                                                                                                                                         
Saurabh                                                                                                                                                                                                                                                                                                                                                                                                                                                                                                                                                                                                                 
Smith                     84000                                                                                                                                                                                                                                                                                                                                                                                                                                                                                                                                                                                         
ALLEN                     19200                                                                                                                                                                                                                                                                                                                                                                                                                                                                                                                                                                                         
WARD                      15000                                                                                                                                                                                                                                                                                                                                                                                                                                                                                                                                                                                         
JONES                     35700                                                                                                                                                                                                                                                                                                                                                                                                                                                                                                                                                                                         
MARTIN                    15000                                                                                                                                                                                                                                                                                                                                                                                                                                                                                                                                                                                         
BLAKE                     34200                                                                                                                                                                                                                                                                                                                                                                                                                                                                                                                                                                                         
CLARK                     29400                                                                                                                                                                                                                                                                                                                                                                                                                                                                                                                                                                                         
SCOT                      36000                                                                                                                                                                                                                                                                                                                                                                                                                                                                                                                                                                                         
KING                      42000                                                                                                                                                                                                                                                                                                                                                                                                                                                                                                                                                                                         
TURNER                    18000                                                                                                                                                                                                                                                                                                                                                                                                                                                                                                                                                                                         

ENAME                  (SAL*12)                                                                                                                                                                                                                                                                                                                                                                                                                                                                                                                                                                                         
-------------------- ----------                                                                                                                                                                                                                                                                                                                                                                                                                                                                                                                                                                                         
ADAMS                     13200                                                                                                                                                                                                                                                                                                                                                                                                                                                                                                                                                                                         
JAMES                     11400                                                                                                                                                                                                                                                                                                                                                                                                                                                                                                                                                                                         
FORD                      36000                                                                                                                                                                                                                                                                                                                                                                                                                                                                                                                                                                                         
MILLER                    15600                                                                                                                                                                                                                                                                                                                                                                                                                                                                                                                                                                                         
MILLES                    15600                                                                                                                                                                                                                                                                                                                                                                                                                                                                                                                                                                                         
GARV                      18000                                                                                                                                                                                                                                                                                                                                                                                                                                                                                                                                                                                         
MILES                     51600                                                                                                                                                                                                                                                                                                                                                                                                                                                                                                                                                                                         
SAM                       39600                                                                                                                                                                                                                                                                                                                                                                                                                                                                                                                                                                                         
WILLIAM                   39600                                                                                                                                                                                                                                                                                                                                                                                                                                                                                                                                                                                         

20 rows selected.

SQL> SELECT EMPNO,SAL + NVL(COMM,0)  FROM EMP;
SELECT EMPNO,SAL + NVL(COMM,0)  FROM EMP
       *
ERROR at line 1:
ORA-00904: "EMPNO": invalid identifier 


SQL> SELECT EMP,SAL + NVL(COMM,0)  FROM EMP;

       EMP SAL+NVL(COMM,0)                                                                                                                                                                                                                                                                                                                                                                                                                                                                                                                                                                                              
---------- ---------------                                                                                                                                                                                                                                                                                                                                                                                                                                                                                                                                                                                              
      1234                                                                                                                                                                                                                                                                                                                                                                                                                                                                                                                                                                                                              
      7369            7000                                                                                                                                                                                                                                                                                                                                                                                                                                                                                                                                                                                              
      7499            1900                                                                                                                                                                                                                                                                                                                                                                                                                                                                                                                                                                                              
      7521            1750                                                                                                                                                                                                                                                                                                                                                                                                                                                                                                                                                                                              
      7566            2975                                                                                                                                                                                                                                                                                                                                                                                                                                                                                                                                                                                              
      7654            2650                                                                                                                                                                                                                                                                                                                                                                                                                                                                                                                                                                                              
      7698            2850                                                                                                                                                                                                                                                                                                                                                                                                                                                                                                                                                                                              
      7698            2450                                                                                                                                                                                                                                                                                                                                                                                                                                                                                                                                                                                              
      7788            3000                                                                                                                                                                                                                                                                                                                                                                                                                                                                                                                                                                                              
      7839            3500                                                                                                                                                                                                                                                                                                                                                                                                                                                                                                                                                                                              
      7844            1500                                                                                                                                                                                                                                                                                                                                                                                                                                                                                                                                                                                              

       EMP SAL+NVL(COMM,0)                                                                                                                                                                                                                                                                                                                                                                                                                                                                                                                                                                                              
---------- ---------------                                                                                                                                                                                                                                                                                                                                                                                                                                                                                                                                                                                              
      7876            1100                                                                                                                                                                                                                                                                                                                                                                                                                                                                                                                                                                                              
      7900             950                                                                                                                                                                                                                                                                                                                                                                                                                                                                                                                                                                                              
      7902            3000                                                                                                                                                                                                                                                                                                                                                                                                                                                                                                                                                                                              
      7934            1300                                                                                                                                                                                                                                                                                                                                                                                                                                                                                                                                                                                              
      7994            2800                                                                                                                                                                                                                                                                                                                                                                                                                                                                                                                                                                                              
      7834            1500                                                                                                                                                                                                                                                                                                                                                                                                                                                                                                                                                                                              
      8034            4300                                                                                                                                                                                                                                                                                                                                                                                                                                                                                                                                                                                              
      8888            3300                                                                                                                                                                                                                                                                                                                                                                                                                                                                                                                                                                                              
      8868            4300                                                                                                                                                                                                                                                                                                                                                                                                                                                                                                                                                                                              

20 rows selected.

SQL> SELECT COUNT(ENAME) FROM EMP;

COUNT(ENAME)                                                                                                                                                                                                                                                                                                                                                                                                                                                                                                                                                                                                            
------------                                                                                                                                                                                                                                                                                                                                                                                                                                                                                                                                                                                                            
          20                                                                                                                                                                                                                                                                                                                                                                                                                                                                                                                                                                                                            

SQL> SELECT SUM(SAL) FROM EMP;

  SUM(SAL)                                                                                                                                                                                                                                                                                                                                                                                                                                                                                                                                                                                                              
----------                                                                                                                                                                                                                                                                                                                                                                                                                                                                                                                                                                                                              
     47425                                                                                                                                                                                                                                                                                                                                                                                                                                                                                                                                                                                                              

SQL> SELECT MAX(SAL) FROM EMP;

  MAX(SAL)                                                                                                                                                                                                                                                                                                                                                                                                                                                                                                                                                                                                              
----------                                                                                                                                                                                                                                                                                                                                                                                                                                                                                                                                                                                                              
      7000                                                                                                                                                                                                                                                                                                                                                                                                                                                                                                                                                                                                              

SQL> SELECT MIN(SAL) FROM EMP;

  MIN(SAL)                                                                                                                                                                                                                                                                                                                                                                                                                                                                                                                                                                                                              
----------                                                                                                                                                                                                                                                                                                                                                                                                                                                                                                                                                                                                              
       950                                                                                                                                                                                                                                                                                                                                                                                                                                                                                                                                                                                                              

SQL> SELECT AVG(SAL) FROM EMP;

  AVG(SAL)                                                                                                                                                                                                                                                                                                                                                                                                                                                                                                                                                                                                              
----------                                                                                                                                                                                                                                                                                                                                                                                                                                                                                                                                                                                                              
2496.05263                                                                                                                                                                                                                                                                                                                                                                                                                                                                                                                                                                                                              

SQL> SELECT MAX(SAL) FROM EMP WHERE JOB='CLERK';

  MAX(SAL)                                                                                                                                                                                                                                                                                                                                                                                                                                                                                                                                                                                                              
----------                                                                                                                                                                                                                                                                                                                                                                                                                                                                                                                                                                                                              
      3300                                                                                                                                                                                                                                                                                                                                                                                                                                                                                                                                                                                                              

SQL> SELECT MAX(SAL) FROM EMP WHERE DEPTNO=20;

  MAX(SAL)                                                                                                                                                                                                                                                                                                                                                                                                                                                                                                                                                                                                              
----------                                                                                                                                                                                                                                                                                                                                                                                                                                                                                                                                                                                                              
      7000                                                                                                                                                                                                                                                                                                                                                                                                                                                                                                                                                                                                              

SQL> SELECT MIN(SAL) FROM EMP WHERE JOB='SALESMAN';

  MIN(SAL)                                                                                                                                                                                                                                                                                                                                                                                                                                                                                                                                                                                                              
----------                                                                                                                                                                                                                                                                                                                                                                                                                                                                                                                                                                                                              
      1250                                                                                                                                                                                                                                                                                                                                                                                                                                                                                                                                                                                                              

SQL> SELECT AVG(SAL) FROM EMP WHERE JOB='MANAGER';

  AVG(SAL)                                                                                                                                                                                                                                                                                                                                                                                                                                                                                                                                                                                                              
----------                                                                                                                                                                                                                                                                                                                                                                                                                                                                                                                                                                                                              
   3143.75                                                                                                                                                                                                                                                                                                                                                                                                                                                                                                                                                                                                              

SQL> SELECT SUM(SAL) FROM EMP WHERE JOB='ANALYST' AND DEPTNO='40'
  2  ;

  SUM(SAL)                                                                                                                                                                                                                                                                                                                                                                                                                                                                                                                                                                                                              
----------                                                                                                                                                                                                                                                                                                                                                                                                                                                                                                                                                                                                              
                                                                                                                                                                                                                                                                                                                                                                                                                                                                                                                                                                                                                        

SQL> SELECT ENAME FROM EMP ORDER BY SAL ;

ENAME                                                                                                                                                                                                                                                                                                                                                                                                                                                                                                                                                                                                                   
--------------------                                                                                                                                                                                                                                                                                                                                                                                                                                                                                                                                                                                                    
JAMES                                                                                                                                                                                                                                                                                                                                                                                                                                                                                                                                                                                                                   
ADAMS                                                                                                                                                                                                                                                                                                                                                                                                                                                                                                                                                                                                                   
WARD                                                                                                                                                                                                                                                                                                                                                                                                                                                                                                                                                                                                                    
MARTIN                                                                                                                                                                                                                                                                                                                                                                                                                                                                                                                                                                                                                  
MILLER                                                                                                                                                                                                                                                                                                                                                                                                                                                                                                                                                                                                                  
MILLES                                                                                                                                                                                                                                                                                                                                                                                                                                                                                                                                                                                                                  
GARV                                                                                                                                                                                                                                                                                                                                                                                                                                                                                                                                                                                                                    
TURNER                                                                                                                                                                                                                                                                                                                                                                                                                                                                                                                                                                                                                  
ALLEN                                                                                                                                                                                                                                                                                                                                                                                                                                                                                                                                                                                                                   
CLARK                                                                                                                                                                                                                                                                                                                                                                                                                                                                                                                                                                                                                   
BLAKE                                                                                                                                                                                                                                                                                                                                                                                                                                                                                                                                                                                                                   

ENAME                                                                                                                                                                                                                                                                                                                                                                                                                                                                                                                                                                                                                   
--------------------                                                                                                                                                                                                                                                                                                                                                                                                                                                                                                                                                                                                    
JONES                                                                                                                                                                                                                                                                                                                                                                                                                                                                                                                                                                                                                   
SCOT                                                                                                                                                                                                                                                                                                                                                                                                                                                                                                                                                                                                                    
FORD                                                                                                                                                                                                                                                                                                                                                                                                                                                                                                                                                                                                                    
WILLIAM                                                                                                                                                                                                                                                                                                                                                                                                                                                                                                                                                                                                                 
SAM                                                                                                                                                                                                                                                                                                                                                                                                                                                                                                                                                                                                                     
KING                                                                                                                                                                                                                                                                                                                                                                                                                                                                                                                                                                                                                    
MILES                                                                                                                                                                                                                                                                                                                                                                                                                                                                                                                                                                                                                   
Smith                                                                                                                                                                                                                                                                                                                                                                                                                                                                                                                                                                                                                   
Saurabh                                                                                                                                                                                                                                                                                                                                                                                                                                                                                                                                                                                                                 

20 rows selected.

SQL> SELECT ENAME FROM EMP ORDER BY SAL DESC;

ENAME                                                                                                                                                                                                                                                                                                                                                                                                                                                                                                                                                                                                                   
--------------------                                                                                                                                                                                                                                                                                                                                                                                                                                                                                                                                                                                                    
Saurabh                                                                                                                                                                                                                                                                                                                                                                                                                                                                                                                                                                                                                 
Smith                                                                                                                                                                                                                                                                                                                                                                                                                                                                                                                                                                                                                   
MILES                                                                                                                                                                                                                                                                                                                                                                                                                                                                                                                                                                                                                   
KING                                                                                                                                                                                                                                                                                                                                                                                                                                                                                                                                                                                                                    
WILLIAM                                                                                                                                                                                                                                                                                                                                                                                                                                                                                                                                                                                                                 
SAM                                                                                                                                                                                                                                                                                                                                                                                                                                                                                                                                                                                                                     
SCOT                                                                                                                                                                                                                                                                                                                                                                                                                                                                                                                                                                                                                    
FORD                                                                                                                                                                                                                                                                                                                                                                                                                                                                                                                                                                                                                    
JONES                                                                                                                                                                                                                                                                                                                                                                                                                                                                                                                                                                                                                   
BLAKE                                                                                                                                                                                                                                                                                                                                                                                                                                                                                                                                                                                                                   
CLARK                                                                                                                                                                                                                                                                                                                                                                                                                                                                                                                                                                                                                   

ENAME                                                                                                                                                                                                                                                                                                                                                                                                                                                                                                                                                                                                                   
--------------------                                                                                                                                                                                                                                                                                                                                                                                                                                                                                                                                                                                                    
ALLEN                                                                                                                                                                                                                                                                                                                                                                                                                                                                                                                                                                                                                   
GARV                                                                                                                                                                                                                                                                                                                                                                                                                                                                                                                                                                                                                    
TURNER                                                                                                                                                                                                                                                                                                                                                                                                                                                                                                                                                                                                                  
MILLES                                                                                                                                                                                                                                                                                                                                                                                                                                                                                                                                                                                                                  
MILLER                                                                                                                                                                                                                                                                                                                                                                                                                                                                                                                                                                                                                  
WARD                                                                                                                                                                                                                                                                                                                                                                                                                                                                                                                                                                                                                    
MARTIN                                                                                                                                                                                                                                                                                                                                                                                                                                                                                                                                                                                                                  
ADAMS                                                                                                                                                                                                                                                                                                                                                                                                                                                                                                                                                                                                                   
JAMES                                                                                                                                                                                                                                                                                                                                                                                                                                                                                                                                                                                                                   

20 rows selected.

SQL> SELECT ENAME FROM EMP ORDER BY ENAME;

ENAME                                                                                                                                                                                                                                                                                                                                                                                                                                                                                                                                                                                                                   
--------------------                                                                                                                                                                                                                                                                                                                                                                                                                                                                                                                                                                                                    
ADAMS                                                                                                                                                                                                                                                                                                                                                                                                                                                                                                                                                                                                                   
ALLEN                                                                                                                                                                                                                                                                                                                                                                                                                                                                                                                                                                                                                   
BLAKE                                                                                                                                                                                                                                                                                                                                                                                                                                                                                                                                                                                                                   
CLARK                                                                                                                                                                                                                                                                                                                                                                                                                                                                                                                                                                                                                   
FORD                                                                                                                                                                                                                                                                                                                                                                                                                                                                                                                                                                                                                    
GARV                                                                                                                                                                                                                                                                                                                                                                                                                                                                                                                                                                                                                    
JAMES                                                                                                                                                                                                                                                                                                                                                                                                                                                                                                                                                                                                                   
JONES                                                                                                                                                                                                                                                                                                                                                                                                                                                                                                                                                                                                                   
KING                                                                                                                                                                                                                                                                                                                                                                                                                                                                                                                                                                                                                    
MARTIN                                                                                                                                                                                                                                                                                                                                                                                                                                                                                                                                                                                                                  
MILES                                                                                                                                                                                                                                                                                                                                                                                                                                                                                                                                                                                                                   

ENAME                                                                                                                                                                                                                                                                                                                                                                                                                                                                                                                                                                                                                   
--------------------                                                                                                                                                                                                                                                                                                                                                                                                                                                                                                                                                                                                    
MILLER                                                                                                                                                                                                                                                                                                                                                                                                                                                                                                                                                                                                                  
MILLES                                                                                                                                                                                                                                                                                                                                                                                                                                                                                                                                                                                                                  
SAM                                                                                                                                                                                                                                                                                                                                                                                                                                                                                                                                                                                                                     
SCOT                                                                                                                                                                                                                                                                                                                                                                                                                                                                                                                                                                                                                    
Saurabh                                                                                                                                                                                                                                                                                                                                                                                                                                                                                                                                                                                                                 
Smith                                                                                                                                                                                                                                                                                                                                                                                                                                                                                                                                                                                                                   
TURNER                                                                                                                                                                                                                                                                                                                                                                                                                                                                                                                                                                                                                  
WARD                                                                                                                                                                                                                                                                                                                                                                                                                                                                                                                                                                                                                    
WILLIAM                                                                                                                                                                                                                                                                                                                                                                                                                                                                                                                                                                                                                 

20 rows selected.

SQL> SELECT EMPNO,ENAME,DEPTNO,SAL FROM EMP ORDER BY DEPTNO,SAL;
SELECT EMPNO,ENAME,DEPTNO,SAL FROM EMP ORDER BY DEPTNO,SAL
       *
ERROR at line 1:
ORA-00904: "EMPNO": invalid identifier 


SQL> SELECT EMP,ENAME,DEPTNO,SAL FROM EMP ORDER BY DEPTNO,SAL;

       EMP ENAME                    DEPTNO        SAL                                                                                                                                                                                                                                                                                                                                                                                                                                                                                                                                                                   
---------- -------------------- ---------- ----------                                                                                                                                                                                                                                                                                                                                                                                                                                                                                                                                                                   
      7994 MILLES                       10       1300                                                                                                                                                                                                                                                                                                                                                                                                                                                                                                                                                                   
      7934 MILLER                       10       1300                                                                                                                                                                                                                                                                                                                                                                                                                                                                                                                                                                   
      7834 GARV                         10       1500                                                                                                                                                                                                                                                                                                                                                                                                                                                                                                                                                                   
      7698 CLARK                        10       2450                                                                                                                                                                                                                                                                                                                                                                                                                                                                                                                                                                   
      8888 SAM                          10       3300                                                                                                                                                                                                                                                                                                                                                                                                                                                                                                                                                                   
      8868 WILLIAM                      10       3300                                                                                                                                                                                                                                                                                                                                                                                                                                                                                                                                                                   
      7839 KING                         10       3500                                                                                                                                                                                                                                                                                                                                                                                                                                                                                                                                                                   
      8034 MILES                        10       4300                                                                                                                                                                                                                                                                                                                                                                                                                                                                                                                                                                   
      7876 ADAMS                        20       1100                                                                                                                                                                                                                                                                                                                                                                                                                                                                                                                                                                   
      7566 JONES                        20       2975                                                                                                                                                                                                                                                                                                                                                                                                                                                                                                                                                                   
      7788 SCOT                         20       3000                                                                                                                                                                                                                                                                                                                                                                                                                                                                                                                                                                   

       EMP ENAME                    DEPTNO        SAL                                                                                                                                                                                                                                                                                                                                                                                                                                                                                                                                                                   
---------- -------------------- ---------- ----------                                                                                                                                                                                                                                                                                                                                                                                                                                                                                                                                                                   
      7902 FORD                         20       3000                                                                                                                                                                                                                                                                                                                                                                                                                                                                                                                                                                   
      7369 Smith                        20       7000                                                                                                                                                                                                                                                                                                                                                                                                                                                                                                                                                                   
      7900 JAMES                        30        950                                                                                                                                                                                                                                                                                                                                                                                                                                                                                                                                                                   
      7521 WARD                         30       1250                                                                                                                                                                                                                                                                                                                                                                                                                                                                                                                                                                   
      7654 MARTIN                       30       1250                                                                                                                                                                                                                                                                                                                                                                                                                                                                                                                                                                   
      7844 TURNER                       30       1500                                                                                                                                                                                                                                                                                                                                                                                                                                                                                                                                                                   
      7499 ALLEN                        30       1600                                                                                                                                                                                                                                                                                                                                                                                                                                                                                                                                                                   
      7698 BLAKE                        30       2850                                                                                                                                                                                                                                                                                                                                                                                                                                                                                                                                                                   
      1234 Saurabh                                                                                                                                                                                                                                                                                                                                                                                                                                                                                                                                                                                                      

20 rows selected.

SQL> SELECT ENAME,(SAL*12) FROM EMP order by sal desc;

ENAME                  (SAL*12)                                                                                                                                                                                                                                                                                                                                                                                                                                                                                                                                                                                         
-------------------- ----------                                                                                                                                                                                                                                                                                                                                                                                                                                                                                                                                                                                         
Saurabh                                                                                                                                                                                                                                                                                                                                                                                                                                                                                                                                                                                                                 
Smith                     84000                                                                                                                                                                                                                                                                                                                                                                                                                                                                                                                                                                                         
MILES                     51600                                                                                                                                                                                                                                                                                                                                                                                                                                                                                                                                                                                         
KING                      42000                                                                                                                                                                                                                                                                                                                                                                                                                                                                                                                                                                                         
WILLIAM                   39600                                                                                                                                                                                                                                                                                                                                                                                                                                                                                                                                                                                         
SAM                       39600                                                                                                                                                                                                                                                                                                                                                                                                                                                                                                                                                                                         
SCOT                      36000                                                                                                                                                                                                                                                                                                                                                                                                                                                                                                                                                                                         
FORD                      36000                                                                                                                                                                                                                                                                                                                                                                                                                                                                                                                                                                                         
JONES                     35700                                                                                                                                                                                                                                                                                                                                                                                                                                                                                                                                                                                         
BLAKE                     34200                                                                                                                                                                                                                                                                                                                                                                                                                                                                                                                                                                                         
CLARK                     29400                                                                                                                                                                                                                                                                                                                                                                                                                                                                                                                                                                                         

ENAME                  (SAL*12)                                                                                                                                                                                                                                                                                                                                                                                                                                                                                                                                                                                         
-------------------- ----------                                                                                                                                                                                                                                                                                                                                                                                                                                                                                                                                                                                         
ALLEN                     19200                                                                                                                                                                                                                                                                                                                                                                                                                                                                                                                                                                                         
GARV                      18000                                                                                                                                                                                                                                                                                                                                                                                                                                                                                                                                                                                         
TURNER                    18000                                                                                                                                                                                                                                                                                                                                                                                                                                                                                                                                                                                         
MILLES                    15600                                                                                                                                                                                                                                                                                                                                                                                                                                                                                                                                                                                         
MILLER                    15600                                                                                                                                                                                                                                                                                                                                                                                                                                                                                                                                                                                         
WARD                      15000                                                                                                                                                                                                                                                                                                                                                                                                                                                                                                                                                                                         
MARTIN                    15000                                                                                                                                                                                                                                                                                                                                                                                                                                                                                                                                                                                         
ADAMS                     13200                                                                                                                                                                                                                                                                                                                                                                                                                                                                                                                                                                                         
JAMES                     11400                                                                                                                                                                                                                                                                                                                                                                                                                                                                                                                                                                                         

20 rows selected.

SQL> SELECT (15/100)*SAL AS HRA,.1*SAL AS DA,(5/100)*SAL AS PF,((SAL+(15/100)*SAL+.1*SAL)-(5/100)*SAL) AS TOTAL  FROM EMP;

       HRA         DA         PF      TOTAL                                                                                                                                                                                                                                                                                                                                                                                                                                                                                                                                                                             
---------- ---------- ---------- ----------                                                                                                                                                                                                                                                                                                                                                                                                                                                                                                                                                                             
                                                                                                                                                                                                                                                                                                                                                                                                                                                                                                                                                                                                                        
      1050        700        350       8400                                                                                                                                                                                                                                                                                                                                                                                                                                                                                                                                                                             
       240        160         80       1920                                                                                                                                                                                                                                                                                                                                                                                                                                                                                                                                                                             
     187.5        125       62.5       1500                                                                                                                                                                                                                                                                                                                                                                                                                                                                                                                                                                             
    446.25      297.5     148.75       3570                                                                                                                                                                                                                                                                                                                                                                                                                                                                                                                                                                             
     187.5        125       62.5       1500                                                                                                                                                                                                                                                                                                                                                                                                                                                                                                                                                                             
     427.5        285      142.5       3420                                                                                                                                                                                                                                                                                                                                                                                                                                                                                                                                                                             
     367.5        245      122.5       2940                                                                                                                                                                                                                                                                                                                                                                                                                                                                                                                                                                             
       450        300        150       3600                                                                                                                                                                                                                                                                                                                                                                                                                                                                                                                                                                             
       525        350        175       4200                                                                                                                                                                                                                                                                                                                                                                                                                                                                                                                                                                             
       225        150         75       1800                                                                                                                                                                                                                                                                                                                                                                                                                                                                                                                                                                             

       HRA         DA         PF      TOTAL                                                                                                                                                                                                                                                                                                                                                                                                                                                                                                                                                                             
---------- ---------- ---------- ----------                                                                                                                                                                                                                                                                                                                                                                                                                                                                                                                                                                             
       165        110         55       1320                                                                                                                                                                                                                                                                                                                                                                                                                                                                                                                                                                             
     142.5         95       47.5       1140                                                                                                                                                                                                                                                                                                                                                                                                                                                                                                                                                                             
       450        300        150       3600                                                                                                                                                                                                                                                                                                                                                                                                                                                                                                                                                                             
       195        130         65       1560                                                                                                                                                                                                                                                                                                                                                                                                                                                                                                                                                                             
       195        130         65       1560                                                                                                                                                                                                                                                                                                                                                                                                                                                                                                                                                                             
       225        150         75       1800                                                                                                                                                                                                                                                                                                                                                                                                                                                                                                                                                                             
       645        430        215       5160                                                                                                                                                                                                                                                                                                                                                                                                                                                                                                                                                                             
       495        330        165       3960                                                                                                                                                                                                                                                                                                                                                                                                                                                                                                                                                                             
       495        330        165       3960                                                                                                                                                                                                                                                                                                                                                                                                                                                                                                                                                                             

20 rows selected.

SQL> Select DEPTNO,COUNT(ENAME) AS TOTALEMPLOYEE FROM EMP group by DEPTNO;

    DEPTNO TOTALEMPLOYEE                                                                                                                                                                                                                                                                                                                                                                                                                                                                                                                                                                                                
---------- -------------                                                                                                                                                                                                                                                                                                                                                                                                                                                                                                                                                                                                
                       1                                                                                                                                                                                                                                                                                                                                                                                                                                                                                                                                                                                                
        30             6                                                                                                                                                                                                                                                                                                                                                                                                                                                                                                                                                                                                
        20             5                                                                                                                                                                                                                                                                                                                                                                                                                                                                                                                                                                                                
        10             8                                                                                                                                                                                                                                                                                                                                                                                                                                                                                                                                                                                                

SQL> Select JOB,COUNT(ENAME) AS TOTALEMPLOYEE FROM EMP group by JOB;

JOB                  TOTALEMPLOYEE                                                                                                                                                                                                                                                                                                                                                                                                                                                                                                                                                                                      
-------------------- -------------                                                                                                                                                                                                                                                                                                                                                                                                                                                                                                                                                                                      
                                 1                                                                                                                                                                                                                                                                                                                                                                                                                                                                                                                                                                                      
Clerk                            1                                                                                                                                                                                                                                                                                                                                                                                                                                                                                                                                                                                      
SALESMAN                         5                                                                                                                                                                                                                                                                                                                                                                                                                                                                                                                                                                                      
CLERK                            5                                                                                                                                                                                                                                                                                                                                                                                                                                                                                                                                                                                      
PRESIDENT                        1                                                                                                                                                                                                                                                                                                                                                                                                                                                                                                                                                                                      
MANAGER                          4                                                                                                                                                                                                                                                                                                                                                                                                                                                                                                                                                                                      
ANALYST                          3                                                                                                                                                                                                                                                                                                                                                                                                                                                                                                                                                                                      

7 rows selected.

SQL> Select DEPTNO,SUM(SAL) AS TOTALSALARY FROM EMP group by DEPTNO;

    DEPTNO TOTALSALARY                                                                                                                                                                                                                                                                                                                                                                                                                                                                                                                                                                                                  
---------- -----------                                                                                                                                                                                                                                                                                                                                                                                                                                                                                                                                                                                                  
                                                                                                                                                                                                                                                                                                                                                                                                                                                                                                                                                                                                                        
        30        9400                                                                                                                                                                                                                                                                                                                                                                                                                                                                                                                                                                                                  
        20       17075                                                                                                                                                                                                                                                                                                                                                                                                                                                                                                                                                                                                  
        10       20950                                                                                                                                                                                                                                                                                                                                                                                                                                                                                                                                                                                                  

SQL> Select DEPTNO,MAX(SAL) AS TOTALSALARY FROM EMP group by DEPTNO;

    DEPTNO TOTALSALARY                                                                                                                                                                                                                                                                                                                                                                                                                                                                                                                                                                                                  
---------- -----------                                                                                                                                                                                                                                                                                                                                                                                                                                                                                                                                                                                                  
                                                                                                                                                                                                                                                                                                                                                                                                                                                                                                                                                                                                                        
        30        2850                                                                                                                                                                                                                                                                                                                                                                                                                                                                                                                                                                                                  
        20        7000                                                                                                                                                                                                                                                                                                                                                                                                                                                                                                                                                                                                  
        10        4300                                                                                                                                                                                                                                                                                                                                                                                                                                                                                                                                                                                                  

SQL> Select JOB,SUM(SAL) AS TOTALSALARY FROM EMP group by JOB;

JOB                  TOTALSALARY                                                                                                                                                                                                                                                                                                                                                                                                                                                                                                                                                                                        
-------------------- -----------                                                                                                                                                                                                                                                                                                                                                                                                                                                                                                                                                                                        
                                                                                                                                                                                                                                                                                                                                                                                                                                                                                                                                                                                                                        
Clerk                       7000                                                                                                                                                                                                                                                                                                                                                                                                                                                                                                                                                                                        
SALESMAN                    7100                                                                                                                                                                                                                                                                                                                                                                                                                                                                                                                                                                                        
CLERK                       7950                                                                                                                                                                                                                                                                                                                                                                                                                                                                                                                                                                                        
PRESIDENT                   3500                                                                                                                                                                                                                                                                                                                                                                                                                                                                                                                                                                                        
MANAGER                    12575                                                                                                                                                                                                                                                                                                                                                                                                                                                                                                                                                                                        
ANALYST                     9300                                                                                                                                                                                                                                                                                                                                                                                                                                                                                                                                                                                        

7 rows selected.

SQL> Select DEPTNO,COUNT(ENAME) AS MORETHAN3EMP  FROM EMP group by DEPTNO having count(ENAME)>3;

    DEPTNO MORETHAN3EMP                                                                                                                                                                                                                                                                                                                                                                                                                                                                                                                                                                                                 
---------- ------------                                                                                                                                                                                                                                                                                                                                                                                                                                                                                                                                                                                                 
        30            6                                                                                                                                                                                                                                                                                                                                                                                                                                                                                                                                                                                                 
        20            5                                                                                                                                                                                                                                                                                                                                                                                                                                                                                                                                                                                                 
        10            8                                                                                                                                                                                                                                                                                                                                                                                                                                                                                                                                                                                                 

SQL> Select JOB,SUM(SAL) AS TOTALSALARY  FROM EMP group by JOB having SUM(SAL)>40000;

no rows selected

SQL> Select JOB,COUNT(ENAME) AS TOTALEMPLOYEE  FROM EMP group by JOB havingCOUNT(ENAME)>3;
Select JOB,COUNT(ENAME) AS TOTALEMPLOYEE  FROM EMP group by JOB havingCOUNT(ENAME)>3
                                                                *
ERROR at line 1:
ORA-00933: SQL command not properly ended 


SQL> Select JOB,COUNT(ENAME) AS TOTALEMPLOYEE  FROM EMP group by JOB havingCOUNT(ENAME)>3;
Select JOB,COUNT(ENAME) AS TOTALEMPLOYEE  FROM EMP group by JOB havingCOUNT(ENAME)>3
                                                                *
ERROR at line 1:
ORA-00933: SQL command not properly ended 


SQL> COMMIT
  2  ;

Commit complete.

SQL> SPOOL OUT;
