SQL> 
SQL> create table studentdef(roll number(3),name varchar(20),address varchar (30),phone number(10),age number(3));

Table created.

SQL> insert value into studentdef(1,'Harsh','Delhi',900909090,18);
insert value into studentdef(1,'Harsh','Delhi',900909090,18)
       *
ERROR at line 1:
ORA-00925: missing INTO keyword 


SQL> insert into studentdef(1,'Harsh','Delhi',900909090,18);
insert into studentdef(1,'Harsh','Delhi',900909090,18)
                       *
ERROR at line 1:
ORA-00928: missing SELECT keyword 


SQL> insert into studentdef value(1,'Harsh','Delhi',900909090,18);
insert into studentdef value(1,'Harsh','Delhi',900909090,18)
                             *
ERROR at line 1:
ORA-00928: missing SELECT keyword 


SQL> insert into studentdef values(1,'Harsh','Delhi',900909090,18);

1 row created.

SQL> insert into studentdef values(2,'Pratik','Bihar',910909090,19);

1 row created.

SQL> insert into studentdef values(3,'Riyanka','Silguri',910909090,19);

1 row created.

SQL> insert into studentdef values(4,'Ramnagr','Silguri',930909090,18);

1 row created.

SQL> insert into studentdef values(5,'Saptarhi','Kolkata',940909090,19);

1 row created.

SQL> insert into studentdef values(6,'Dhanraj','Barabaraj',950909090,20);

1 row created.

SQL> insert into studentdef values(7,'Rohit','Balurghat',960909090,19);

1 row created.

SQL> insert into studentdef values(8,'Niraj','Alipur',970909090,19);

1 row created.

SQL> create table studentcourse(cid number(3),roll number(3));

Table created.

SQL> insert into studentcourse values(1,1);

1 row created.

SQL> insert into studentcourse values(2,2);

1 row created.

SQL> insert into studentcourse values(2,3);

1 row created.

SQL> insert into studentcourse values(3,4);

1 row created.

SQL> insert into studentcourse values(1,5);

1 row created.

SQL> insert into studentcourse values(4,9);

1 row created.

SQL> insert into studentcourse values(5,10);

1 row created.

SQL> insert into studentcourse values(4,11);

1 row created.

SQL> 
SQL> SQL*Plus: Release 11.2.0.2.0 Production on Wed Mar 6 14:12:33 2024
SP2-0734: unknown command beginning "SQL*Plus: ..." - rest of line ignored.
SQL> 
SQL> Copyright (c) 1982, 2014, Oracle.  All rights reserved.
SP2-0734: unknown command beginning "Copyright ..." - rest of line ignored.
SQL> 
SQL> SQL> connect sys/sys as sysdba
SP2-0734: unknown command beginning "SQL> conne..." - rest of line ignored.
SQL> Connected.
SP2-0042: unknown command "Connected." - rest of line ignored.
SP2-0044: For a list of known commands enter HELP
and to leave enter EXIT.
SQL> SQL> connect mridul
SP2-0734: unknown command beginning "SQL> conne..." - rest of line ignored.
SQL> Enter password:
SP2-0734: unknown command beginning "Enter pass..." - rest of line ignored.
SQL> Connected.
SP2-0042: unknown command "Connected." - rest of line ignored.
SQL> SQL> SHOW USER
SP2-0734: unknown command beginning "SQL> SHOW ..." - rest of line ignored.
SP2-0044: For a list of known commands enter HELP
and to leave enter EXIT.
SQL> USER is "MRIDUL"
SP2-0734: unknown command beginning "USER is "M..." - rest of line ignored.
SQL> SQL> CONNECT TIME_STAMP
SP2-0734: unknown command beginning "SQL> CONNE..." - rest of line ignored.
SQL> Enter password:
SP2-0734: unknown command beginning "Enter pass..." - rest of line ignored.
SQL> ERROR:
SP2-0042: unknown command "ERROR:" - rest of line ignored.
SP2-0044: For a list of known commands enter HELP
and to leave enter EXIT.
SQL> ORA-01017: invalid username/password; logon denied
SP2-0734: unknown command beginning "ORA-01017:..." - rest of line ignored.
SQL> 
SQL> 
SQL> Warning: You are no longer connected to ORACLE.
SP2-0734: unknown command beginning "Warning: Y..." - rest of line ignored.
SQL> SQL> SELECT CURRENT_TIMESTAMP FROM USER;
SP2-0734: unknown command beginning "SQL> SELEC..." - rest of line ignored.
SQL> SP2-0640: Not connected
SP2-0734: unknown command beginning "SP2-0640: ..." - rest of line ignored.
SP2-0044: For a list of known commands enter HELP
and to leave enter EXIT.
SQL> SQL> SELECT CURRENT_TIMESTAMP FROM DUAL;
SP2-0734: unknown command beginning "SQL> SELEC..." - rest of line ignored.
SQL> SP2-0640: Not connected
SP2-0734: unknown command beginning "SP2-0640: ..." - rest of line ignored.
SQL> SQL> C:\DBMS\lab5.txt
SP2-0734: unknown command beginning "SQL> C:\DB..." - rest of line ignored.
SQL> SP2-0023: String not found.
SP2-0734: unknown command beginning "SP2-0023: ..." - rest of line ignored.
SP2-0044: For a list of known commands enter HELP
and to leave enter EXIT.
SQL> SQL> sql C:\DBMS\lab5.txt
SP2-0734: unknown command beginning "SQL> sql C..." - rest of line ignored.
SQL> SP2-0734: unknown command beginning "sql C:\DBM..." - rest of line ignored.
SP2-0734: unknown command beginning "SP2-0734: ..." - rest of line ignored.
SQL> SQL> SPOOL C:\DBMS\lab5.txt
SP2-0734: unknown command beginning "SQL> SPOOL..." - rest of line ignored.
SQL> SQL> SHOW USER
SP2-0734: unknown command beginning "SQL> SHOW ..." - rest of line ignored.
SP2-0044: For a list of known commands enter HELP
and to leave enter EXIT.
SQL> USER is ""
SP2-0042: unknown command "USER is """ - rest of line ignored.
SQL> SQL> connect mridul
SP2-0734: unknown command beginning "SQL> conne..." - rest of line ignored.
SQL> Enter password:
SP2-0734: unknown command beginning "Enter pass..." - rest of line ignored.
SQL> Connected.
SP2-0042: unknown command "Connected." - rest of line ignored.
SP2-0044: For a list of known commands enter HELP
and to leave enter EXIT.
SQL> SQL> SPOOL C:\DBMS\lab5.txt
SP2-0734: unknown command beginning "SQL> SPOOL..." - rest of line ignored.
SQL> 
SQL> SQL>
SP2-0042: unknown command "SQL>" - rest of line ignored.
SQL> SQL> create table studentdef(roll number(3),name varchar(20),address varchar (30),phone number(10),age number(3));
SP2-0734: unknown command beginning "SQL> creat..." - rest of line ignored.
SQL> 
SQL> Table created.
SP2-0734: unknown command beginning "Table crea..." - rest of line ignored.
SP2-0044: For a list of known commands enter HELP
and to leave enter EXIT.
SQL> 
SQL> SQL> insert value into studentdef(1,'Harsh','Delhi',900909090,18);
SP2-0734: unknown command beginning "SQL> inser..." - rest of line ignored.
SQL> insert value into studentdef(1,'Harsh','Delhi',900909090,18)
  2         *
  3  ERROR at line 1:
  4  ORA-00925: missing INTO keyword
  5  
SQL> 
SQL> SQL> insert into studentdef(1,'Harsh','Delhi',900909090,18);
SP2-0734: unknown command beginning "SQL> inser..." - rest of line ignored.
SQL> insert into studentdef(1,'Harsh','Delhi',900909090,18)
  2                         *
  3  ERROR at line 1:
  4  ORA-00928: missing SELECT keyword
  5  
SQL> 
SQL> SQL> insert into studentdef value(1,'Harsh','Delhi',900909090,18);
SP2-0734: unknown command beginning "SQL> inser..." - rest of line ignored.
SQL> insert into studentdef value(1,'Harsh','Delhi',900909090,18)
  2                               *
  3  ERROR at line 1:
  4  ORA-00928: missing SELECT keyword
  5  
SQL> 
SQL> SQL> insert into studentdef values(1,'Harsh','Delhi',900909090,18);
SP2-0734: unknown command beginning "SQL> inser..." - rest of line ignored.
SQL> 
SQL> 1 row created.
SQL> 
SQL> SQL> insert into studentdef values(2,'Pratik','Bihar',910909090,19);
SP2-0734: unknown command beginning "SQL> inser..." - rest of line ignored.
SQL> 
SQL> 1 row created.
SQL> 
SQL> SQL> insert into studentdef values(3,'Riyanka','Silguri',910909090,19);
SP2-0734: unknown command beginning "SQL> inser..." - rest of line ignored.
SQL> 
SQL> 1 row created.
SQL> 
SQL> SQL> insert into studentdef values(4,'Ramnagr','Silguri',930909090,18);
SP2-0734: unknown command beginning "SQL> inser..." - rest of line ignored.
SP2-0044: For a list of known commands enter HELP
and to leave enter EXIT.
SQL> 
SQL> 1 row created.
SQL> 
SQL> SQL> insert into studentdef values(5,'Saptarhi','Kolkata',940909090,19);
SP2-0734: unknown command beginning "SQL> inser..." - rest of line ignored.
SQL> 
SQL> 1 row created.
SQL> 
SQL> SQL> insert into studentdef values(6,'Dhanraj','Barabaraj',950909090,20);
SP2-0734: unknown command beginning "SQL> inser..." - rest of line ignored.
SQL> 
SQL> 1 row created.
SQL> 
SQL> SQL> insert into studentdef values(7,'Rohit','Balurghat',960909090,19);
SP2-0734: unknown command beginning "SQL> inser..." - rest of line ignored.
SQL> 
SQL> 1 row created.
SQL> 
SQL> SQL> insert into studentdef values(8,'Niraj','Alipur',970909090,19);
SP2-0734: unknown command beginning "SQL> inser..." - rest of line ignored.
SP2-0044: For a list of known commands enter HELP
and to leave enter EXIT.
SQL> 
SQL> 1 row created.
SQL> 
SQL> SQL> create table studentcourse(cid number(3),roll number(3));
SP2-0734: unknown command beginning "SQL> creat..." - rest of line ignored.
SQL> 
SQL> Table created.
SP2-0734: unknown command beginning "Table crea..." - rest of line ignored.
SQL> 
SQL> SQL> insert into studentcourse values(1,1);
SP2-0734: unknown command beginning "SQL> inser..." - rest of line ignored.
SQL> 
SQL> 1 row created.
SQL> 
SQL> SQL> insert into studentcourse values(2,2);
SP2-0734: unknown command beginning "SQL> inser..." - rest of line ignored.
SP2-0044: For a list of known commands enter HELP
and to leave enter EXIT.
SQL> 
SQL> 1 row created.
SQL> 
SQL> SQL> insert into studentcourse values(2,3);
SP2-0734: unknown command beginning "SQL> inser..." - rest of line ignored.
SQL> 
SQL> 1 row created.
SQL> 
SQL> SQL> insert into studentcourse values(3,4);
SP2-0734: unknown command beginning "SQL> inser..." - rest of line ignored.
SQL> 
SQL> 1 row created.
SQL> 
SQL> SQL> insert into studentcourse values(1,5);
SP2-0734: unknown command beginning "SQL> inser..." - rest of line ignored.
SQL> 
SQL> 1 row created.
SQL> 
SQL> SQL> insert into studentcourse values(4,9);
SP2-0734: unknown command beginning "SQL> inser..." - rest of line ignored.
SP2-0044: For a list of known commands enter HELP
and to leave enter EXIT.
SQL> 
SQL> 1 row created.
SQL> 
SQL> SQL> insert into studentcourse values(5,10);
SP2-0734: unknown command beginning "SQL> inser..." - rest of line ignored.
SQL> 
SQL> 1 row created.
SQL> 
SQL> SQL> insert into studentcourse values(4,11);
SP2-0734: unknown command beginning "SQL> inser..." - rest of line ignored.
SQL> 
SQL> 1 row created.
SQL> select * from studentdef;

      ROLL NAME                 ADDRESS                             PHONE       
---------- -------------------- ------------------------------ ----------       
       AGE                                                                      
----------                                                                      
         1 Harsh                Delhi                           900909090       
        18                                                                      
                                                                                
         2 Pratik               Bihar                           910909090       
        19                                                                      
                                                                                
         3 Riyanka              Silguri                         910909090       
        19                                                                      
                                                                                

      ROLL NAME                 ADDRESS                             PHONE       
---------- -------------------- ------------------------------ ----------       
       AGE                                                                      
----------                                                                      
         4 Ramnagr              Silguri                         930909090       
        18                                                                      
                                                                                
         5 Saptarhi             Kolkata                         940909090       
        19                                                                      
                                                                                
         6 Dhanraj              Barabaraj                       950909090       
        20                                                                      
                                                                                

      ROLL NAME                 ADDRESS                             PHONE       
---------- -------------------- ------------------------------ ----------       
       AGE                                                                      
----------                                                                      
         7 Rohit                Balurghat                       960909090       
        19                                                                      
                                                                                
         8 Niraj                Alipur                          970909090       
        19                                                                      
                                                                                

8 rows selected.

SQL> set linesize 600;
SQL> set linesize 600;
SQL> select * from studentdef;

      ROLL NAME                 ADDRESS                             PHONE        AGE                                                                                                                                                                                                                                                                                                                                                                                                                                                                                                                                    
---------- -------------------- ------------------------------ ---------- ----------                                                                                                                                                                                                                                                                                                                                                                                                                                                                                                                                    
         1 Harsh                Delhi                           900909090         18                                                                                                                                                                                                                                                                                                                                                                                                                                                                                                                                    
         2 Pratik               Bihar                           910909090         19                                                                                                                                                                                                                                                                                                                                                                                                                                                                                                                                    
         3 Riyanka              Silguri                         910909090         19                                                                                                                                                                                                                                                                                                                                                                                                                                                                                                                                    
         4 Ramnagr              Silguri                         930909090         18                                                                                                                                                                                                                                                                                                                                                                                                                                                                                                                                    
         5 Saptarhi             Kolkata                         940909090         19                                                                                                                                                                                                                                                                                                                                                                                                                                                                                                                                    
         6 Dhanraj              Barabaraj                       950909090         20                                                                                                                                                                                                                                                                                                                                                                                                                                                                                                                                    
         7 Rohit                Balurghat                       960909090         19                                                                                                                                                                                                                                                                                                                                                                                                                                                                                                                                    
         8 Niraj                Alipur                          970909090         19                                                                                                                                                                                                                                                                                                                                                                                                                                                                                                                                    

8 rows selected.

SQL> select * from studentcourse;

       CID       ROLL                                                                                                                                                                                                                                                                                                                                                                                                                                                                                                                                                                                                   
---------- ----------                                                                                                                                                                                                                                                                                                                                                                                                                                                                                                                                                                                                   
         1          1                                                                                                                                                                                                                                                                                                                                                                                                                                                                                                                                                                                                   
         2          2                                                                                                                                                                                                                                                                                                                                                                                                                                                                                                                                                                                                   
         2          3                                                                                                                                                                                                                                                                                                                                                                                                                                                                                                                                                                                                   
         3          4                                                                                                                                                                                                                                                                                                                                                                                                                                                                                                                                                                                                   
         1          5                                                                                                                                                                                                                                                                                                                                                                                                                                                                                                                                                                                                   
         4          9                                                                                                                                                                                                                                                                                                                                                                                                                                                                                                                                                                                                   
         5         10                                                                                                                                                                                                                                                                                                                                                                                                                                                                                                                                                                                                   
         4         11                                                                                                                                                                                                                                                                                                                                                                                                                                                                                                                                                                                                   

8 rows selected.

SQL> SELECT studentCourse.cid, studentdef.name, studentdef.age FROM studentdef
  2  ;
SELECT studentCourse.cid, studentdef.name, studentdef.age FROM studentdef
       *
ERROR at line 1:
ORA-00904: "STUDENTCOURSE"."CID": invalid identifier 


SQL> SELECT studentcourse.cid, studentdef.name, studentdef.age FROM studentdef;
SELECT studentcourse.cid, studentdef.name, studentdef.age FROM studentdef
       *
ERROR at line 1:
ORA-00904: "STUDENTCOURSE"."CID": invalid identifier 


SQL> SELECT studentcourse.CID, studentdef.name, studentdef.age FROM studentdef;
SELECT studentcourse.CID, studentdef.name, studentdef.age FROM studentdef
       *
ERROR at line 1:
ORA-00904: "STUDENTCOURSE"."CID": invalid identifier 


SQL> COMMIT;

Commit complete.

SQL> SELECT studentcourse, studentdef.name, studentdef.age FROM studentdef;
SELECT studentcourse, studentdef.name, studentdef.age FROM studentdef
       *
ERROR at line 1:
ORA-00904: "STUDENTCOURSE": invalid identifier 


SQL> SELECT studentcourse.ROLL, studentdef.name, studentdef.age FROM studentdef;
SELECT studentcourse.ROLL, studentdef.name, studentdef.age FROM studentdef
       *
ERROR at line 1:
ORA-00904: "STUDENTCOURSE"."ROLL": invalid identifier 


SQL> SELECT studentdef.name, studentdef.age FROM studentdef;

NAME                        AGE                                                                                                                                                                                                                                                                                                                                                                                                                                                                                                                                                                                         
-------------------- ----------                                                                                                                                                                                                                                                                                                                                                                                                                                                                                                                                                                                         
Harsh                        18                                                                                                                                                                                                                                                                                                                                                                                                                                                                                                                                                                                         
Pratik                       19                                                                                                                                                                                                                                                                                                                                                                                                                                                                                                                                                                                         
Riyanka                      19                                                                                                                                                                                                                                                                                                                                                                                                                                                                                                                                                                                         
Ramnagr                      18                                                                                                                                                                                                                                                                                                                                                                                                                                                                                                                                                                                         
Saptarhi                     19                                                                                                                                                                                                                                                                                                                                                                                                                                                                                                                                                                                         
Dhanraj                      20                                                                                                                                                                                                                                                                                                                                                                                                                                                                                                                                                                                         
Rohit                        19                                                                                                                                                                                                                                                                                                                                                                                                                                                                                                                                                                                         
Niraj                        19                                                                                                                                                                                                                                                                                                                                                                                                                                                                                                                                                                                         

8 rows selected.

SQL> SELECT studentdef.name, studentdef.age FROM studentdef;

NAME                        AGE                                                                                                                                                                                                                                                                                                                                                                                                                                                                                                                                                                                         
-------------------- ----------                                                                                                                                                                                                                                                                                                                                                                                                                                                                                                                                                                                         
Harsh                        18                                                                                                                                                                                                                                                                                                                                                                                                                                                                                                                                                                                         
Pratik                       19                                                                                                                                                                                                                                                                                                                                                                                                                                                                                                                                                                                         
Riyanka                      19                                                                                                                                                                                                                                                                                                                                                                                                                                                                                                                                                                                         
Ramnagr                      18                                                                                                                                                                                                                                                                                                                                                                                                                                                                                                                                                                                         
Saptarhi                     19                                                                                                                                                                                                                                                                                                                                                                                                                                                                                                                                                                                         
Dhanraj                      20                                                                                                                                                                                                                                                                                                                                                                                                                                                                                                                                                                                         
Rohit                        19                                                                                                                                                                                                                                                                                                                                                                                                                                                                                                                                                                                         
Niraj                        19                                                                                                                                                                                                                                                                                                                                                                                                                                                                                                                                                                                         

8 rows selected.

SQL> INNER JOIN STUDENTCOURSE;
SP2-0734: unknown command beginning "INNER JOIN..." - rest of line ignored.
SQL> INNER JOIN STUDENTCOURSE;
SP2-0734: unknown command beginning "INNER JOIN..." - rest of line ignored.
SQL> SELECT studentcourse.CID, studentdef.name, studentdef.age FROM studentdef;
SELECT studentcourse.CID, studentdef.name, studentdef.age FROM studentdef
       *
ERROR at line 1:
ORA-00904: "STUDENTCOURSE"."CID": invalid identifier 


SQL> INNER JOIN StudentCourse
SP2-0734: unknown command beginning "INNER JOIN..." - rest of line ignored.
SQL> inner join studentcourse on studentdef.roll=studentcourse.roll;
SP2-0734: unknown command beginning "inner join..." - rest of line ignored.
SQL> SELECT studentcourse.cid, studentdef.name, studentdef.age FROM studentdef INNER JOIN studentcourse on studentdef.roll=studentcourse.roll;

       CID NAME                        AGE                                                                                                                                                                                                                                                                                                                                                                                                                                                                                                                                                                              
---------- -------------------- ----------                                                                                                                                                                                                                                                                                                                                                                                                                                                                                                                                                                              
         1 Harsh                        18                                                                                                                                                                                                                                                                                                                                                                                                                                                                                                                                                                              
         2 Pratik                       19                                                                                                                                                                                                                                                                                                                                                                                                                                                                                                                                                                              
         2 Riyanka                      19                                                                                                                                                                                                                                                                                                                                                                                                                                                                                                                                                                              
         3 Ramnagr                      18                                                                                                                                                                                                                                                                                                                                                                                                                                                                                                                                                                              
         1 Saptarhi                     19                                                                                                                                                                                                                                                                                                                                                                                                                                                                                                                                                                              

SQL> SELECT studentdef.name,studentcourse.cid FROM studentdef LEFT JOIN studentcourse on studentdef.roll=studentcourse.roll;

NAME                        CID                                                                                                                                                                                                                                                                                                                                                                                                                                                                                                                                                                                         
-------------------- ----------                                                                                                                                                                                                                                                                                                                                                                                                                                                                                                                                                                                         
Harsh                         1                                                                                                                                                                                                                                                                                                                                                                                                                                                                                                                                                                                         
Pratik                        2                                                                                                                                                                                                                                                                                                                                                                                                                                                                                                                                                                                         
Riyanka                       2                                                                                                                                                                                                                                                                                                                                                                                                                                                                                                                                                                                         
Ramnagr                       3                                                                                                                                                                                                                                                                                                                                                                                                                                                                                                                                                                                         
Saptarhi                      1                                                                                                                                                                                                                                                                                                                                                                                                                                                                                                                                                                                         
Niraj                                                                                                                                                                                                                                                                                                                                                                                                                                                                                                                                                                                                                   
Dhanraj                                                                                                                                                                                                                                                                                                                                                                                                                                                                                                                                                                                                                 
Rohit                                                                                                                                                                                                                                                                                                                                                                                                                                                                                                                                                                                                                   

8 rows selected.

SQL> SELECT studentdef.name,studentcourse.cid FROM studentdef RIGHT JOIN studentcourse on studentdef.roll=studentcourse.roll;

NAME                        CID                                                                                                                                                                                                                                                                                                                                                                                                                                                                                                                                                                                         
-------------------- ----------                                                                                                                                                                                                                                                                                                                                                                                                                                                                                                                                                                                         
Harsh                         1                                                                                                                                                                                                                                                                                                                                                                                                                                                                                                                                                                                         
Pratik                        2                                                                                                                                                                                                                                                                                                                                                                                                                                                                                                                                                                                         
Riyanka                       2                                                                                                                                                                                                                                                                                                                                                                                                                                                                                                                                                                                         
Ramnagr                       3                                                                                                                                                                                                                                                                                                                                                                                                                                                                                                                                                                                         
Saptarhi                      1                                                                                                                                                                                                                                                                                                                                                                                                                                                                                                                                                                                         
                              5                                                                                                                                                                                                                                                                                                                                                                                                                                                                                                                                                                                         
                              4                                                                                                                                                                                                                                                                                                                                                                                                                                                                                                                                                                                         
                              4                                                                                                                                                                                                                                                                                                                                                                                                                                                                                                                                                                                         

8 rows selected.

SQL> SELECT studentdef.name,studentcourse.cid FROM studentdef FULL JOIN studentcourse on studentdef.roll=studentcourse.roll;

NAME                        CID                                                                                                                                                                                                                                                                                                                                                                                                                                                                                                                                                                                         
-------------------- ----------                                                                                                                                                                                                                                                                                                                                                                                                                                                                                                                                                                                         
Harsh                         1                                                                                                                                                                                                                                                                                                                                                                                                                                                                                                                                                                                         
Pratik                        2                                                                                                                                                                                                                                                                                                                                                                                                                                                                                                                                                                                         
Riyanka                       2                                                                                                                                                                                                                                                                                                                                                                                                                                                                                                                                                                                         
Ramnagr                       3                                                                                                                                                                                                                                                                                                                                                                                                                                                                                                                                                                                         
Saptarhi                      1                                                                                                                                                                                                                                                                                                                                                                                                                                                                                                                                                                                         
                              4                                                                                                                                                                                                                                                                                                                                                                                                                                                                                                                                                                                         
                              5                                                                                                                                                                                                                                                                                                                                                                                                                                                                                                                                                                                         
                              4                                                                                                                                                                                                                                                                                                                                                                                                                                                                                                                                                                                         
Niraj                                                                                                                                                                                                                                                                                                                                                                                                                                                                                                                                                                                                                   
Dhanraj                                                                                                                                                                                                                                                                                                                                                                                                                                                                                                                                                                                                                 
Rohit                                                                                                                                                                                                                                                                                                                                                                                                                                                                                                                                                                                                                   

11 rows selected.

SQL> SELECT studentdef.name,studentcourse.cid FROM studentdef CROSS JOIN studentcourse on studentdef.roll=studentcourse.roll;
SELECT studentdef.name,studentcourse.cid FROM studentdef CROSS JOIN studentcourse on studentdef.roll=studentcourse.roll
                                                                                  *
ERROR at line 1:
ORA-00933: SQL command not properly ended 


SQL> SELECT studentdef.name,studentcourse.cid FROM studentdef SELF JOIN studentcourse on studentdef.roll=studentcourse.roll;
SELECT studentdef.name,studentcourse.cid FROM studentdef SELF JOIN studentcourse on studentdef.roll=studentcourse.roll
                                                                                    *
ERROR at line 1:
ORA-00904: "STUDENTDEF"."ROLL": invalid identifier 


SQL> SELECT studentdef.name,studentcourse.cid FROM studentdef NATURAL JOIN studentcourse on studentdef.roll=studentcourse.roll;
SELECT studentdef.name,studentcourse.cid FROM studentdef NATURAL JOIN studentcourse on studentdef.roll=studentcourse.roll
                                                                                    *
ERROR at line 1:
ORA-00933: SQL command not properly ended 


SQL> COMMIT;

Commit complete.

SQL> select * from emp;

       EMP ENAME                JOB                         MGR HIREDATE         SAL       COMM     DEPTNO                                                                                                                                                                                                                                                                                                                                                                                                                                                                                                              
---------- -------------------- -------------------- ---------- --------- ---------- ---------- ----------                                                                                                                                                                                                                                                                                                                                                                                                                                                                                                              
      7698 BLAKE                MANAGER                    7839 01-MAY-81       2850                    30                                                                                                                                                                                                                                                                                                                                                                                                                                                                                                              
      7369 Smith                Clerk                      7902 17-DEC-80       7000        200         10                                                                                                                                                                                                                                                                                                                                                                                                                                                                                                              
      7499 ALLEN                SALESMAN                   7698 20-FEB-81       1600        200         10                                                                                                                                                                                                                                                                                                                                                                                                                                                                                                              
      7521 WARD                 SALESMAN                   7698 22-FEB-81       1250        200         10                                                                                                                                                                                                                                                                                                                                                                                                                                                                                                              
      7566 JONES                MANAGER                    7839 02-APR-81       2975        200         10                                                                                                                                                                                                                                                                                                                                                                                                                                                                                                              
      7654 MARTIN               SALESMAN                   7698 28-SEP-81       1250        200         10                                                                                                                                                                                                                                                                                                                                                                                                                                                                                                              
      7698 BLAKE                MANAGER                    7839 01-MAY-81       2850        200         10                                                                                                                                                                                                                                                                                                                                                                                                                                                                                                              
      7698 CLARK                MANAGER                    7839 09-JUL-81       2450        200         10                                                                                                                                                                                                                                                                                                                                                                                                                                                                                                              
      7788 SCOT                 ANALYST                    7566 19-APR-87       3000        200         10                                                                                                                                                                                                                                                                                                                                                                                                                                                                                                              
      7839 KING                 PRESIDENT                       17-NOV-81       3500        200         10                                                                                                                                                                                                                                                                                                                                                                                                                                                                                                              
      7844 TURNER               SALESMAN                   7698 08-AUG-81       1500        200         10                                                                                                                                                                                                                                                                                                                                                                                                                                                                                                              

       EMP ENAME                JOB                         MGR HIREDATE         SAL       COMM     DEPTNO                                                                                                                                                                                                                                                                                                                                                                                                                                                                                                              
---------- -------------------- -------------------- ---------- --------- ---------- ---------- ----------                                                                                                                                                                                                                                                                                                                                                                                                                                                                                                              
      7876 ADAMS                CLERK                      7788 23-MAY-87       1100        200         10                                                                                                                                                                                                                                                                                                                                                                                                                                                                                                              
      7900 JAMES                CLERK                      7968 03-DEC-81        950        200         10                                                                                                                                                                                                                                                                                                                                                                                                                                                                                                              
      7902 FORD                 ANALYST                    7566 03-DEC-81       3000        200         10                                                                                                                                                                                                                                                                                                                                                                                                                                                                                                              
      7934 MILLER               CLERK                      7782 23-JAN-82       1300        200         10                                                                                                                                                                                                                                                                                                                                                                                                                                                                                                              
      7994 MILLES               CLERK                      7788 23-JAN-85       1300        200         10                                                                                                                                                                                                                                                                                                                                                                                                                                                                                                              
      7834 GARV                 SALESMAN                   7822 12-JAN-82       1500        200         10                                                                                                                                                                                                                                                                                                                                                                                                                                                                                                              
      8034 MILES                MANAGER                    7666 08-AUG-82       4300        200         10                                                                                                                                                                                                                                                                                                                                                                                                                                                                                                              
      8888 SAM                  CLERK                      7785 23-JAN-87       3300        200         10                                                                                                                                                                                                                                                                                                                                                                                                                                                                                                              
      8868 WILLIAM              ANALYST                    7885 23-OCT-87       3300        200         10                                                                                                                                                                                                                                                                                                                                                                                                                                                                                                              
      7839 KING                 PRESIDENT                       17-NOV-81       5000                    10                                                                                                                                                                                                                                                                                                                                                                                                                                                                                                              
      7782 CLARK                MANAGER                    7839 09-JUN-81       2450                    10                                                                                                                                                                                                                                                                                                                                                                                                                                                                                                              

       EMP ENAME                JOB                         MGR HIREDATE         SAL       COMM     DEPTNO                                                                                                                                                                                                                                                                                                                                                                                                                                                                                                              
---------- -------------------- -------------------- ---------- --------- ---------- ---------- ----------                                                                                                                                                                                                                                                                                                                                                                                                                                                                                                              
      7566 JONES                MANAGER                    7839 02-APR-81       2975                    20                                                                                                                                                                                                                                                                                                                                                                                                                                                                                                              

23 rows selected.

SQL> select emp.EMP,emp.ENAME,emp.MGR,m.ENAME from emp inner join emp m on emp.mgr=m.emp;

       EMP ENAME                       MGR ENAME                                                                                                                                                                                                                                                                                                                                                                                                                                                                                                                                                                        
---------- -------------------- ---------- --------------------                                                                                                                                                                                                                                                                                                                                                                                                                                                                                                                                                         
      7844 TURNER                     7698 BLAKE                                                                                                                                                                                                                                                                                                                                                                                                                                                                                                                                                                        
      7654 MARTIN                     7698 BLAKE                                                                                                                                                                                                                                                                                                                                                                                                                                                                                                                                                                        
      7521 WARD                       7698 BLAKE                                                                                                                                                                                                                                                                                                                                                                                                                                                                                                                                                                        
      7499 ALLEN                      7698 BLAKE                                                                                                                                                                                                                                                                                                                                                                                                                                                                                                                                                                        
      7902 FORD                       7566 JONES                                                                                                                                                                                                                                                                                                                                                                                                                                                                                                                                                                        
      7788 SCOT                       7566 JONES                                                                                                                                                                                                                                                                                                                                                                                                                                                                                                                                                                        
      7844 TURNER                     7698 BLAKE                                                                                                                                                                                                                                                                                                                                                                                                                                                                                                                                                                        
      7654 MARTIN                     7698 BLAKE                                                                                                                                                                                                                                                                                                                                                                                                                                                                                                                                                                        
      7521 WARD                       7698 BLAKE                                                                                                                                                                                                                                                                                                                                                                                                                                                                                                                                                                        
      7499 ALLEN                      7698 BLAKE                                                                                                                                                                                                                                                                                                                                                                                                                                                                                                                                                                        
      7844 TURNER                     7698 CLARK                                                                                                                                                                                                                                                                                                                                                                                                                                                                                                                                                                        

       EMP ENAME                       MGR ENAME                                                                                                                                                                                                                                                                                                                                                                                                                                                                                                                                                                        
---------- -------------------- ---------- --------------------                                                                                                                                                                                                                                                                                                                                                                                                                                                                                                                                                         
      7654 MARTIN                     7698 CLARK                                                                                                                                                                                                                                                                                                                                                                                                                                                                                                                                                                        
      7521 WARD                       7698 CLARK                                                                                                                                                                                                                                                                                                                                                                                                                                                                                                                                                                        
      7499 ALLEN                      7698 CLARK                                                                                                                                                                                                                                                                                                                                                                                                                                                                                                                                                                        
      7994 MILLES                     7788 SCOT                                                                                                                                                                                                                                                                                                                                                                                                                                                                                                                                                                         
      7876 ADAMS                      7788 SCOT                                                                                                                                                                                                                                                                                                                                                                                                                                                                                                                                                                         
      7566 JONES                      7839 KING                                                                                                                                                                                                                                                                                                                                                                                                                                                                                                                                                                         
      7782 CLARK                      7839 KING                                                                                                                                                                                                                                                                                                                                                                                                                                                                                                                                                                         
      7698 CLARK                      7839 KING                                                                                                                                                                                                                                                                                                                                                                                                                                                                                                                                                                         
      7698 BLAKE                      7839 KING                                                                                                                                                                                                                                                                                                                                                                                                                                                                                                                                                                         
      7566 JONES                      7839 KING                                                                                                                                                                                                                                                                                                                                                                                                                                                                                                                                                                         
      7698 BLAKE                      7839 KING                                                                                                                                                                                                                                                                                                                                                                                                                                                                                                                                                                         

       EMP ENAME                       MGR ENAME                                                                                                                                                                                                                                                                                                                                                                                                                                                                                                                                                                        
---------- -------------------- ---------- --------------------                                                                                                                                                                                                                                                                                                                                                                                                                                                                                                                                                         
      7369 Smith                      7902 FORD                                                                                                                                                                                                                                                                                                                                                                                                                                                                                                                                                                         
      7566 JONES                      7839 KING                                                                                                                                                                                                                                                                                                                                                                                                                                                                                                                                                                         
      7782 CLARK                      7839 KING                                                                                                                                                                                                                                                                                                                                                                                                                                                                                                                                                                         
      7698 CLARK                      7839 KING                                                                                                                                                                                                                                                                                                                                                                                                                                                                                                                                                                         
      7698 BLAKE                      7839 KING                                                                                                                                                                                                                                                                                                                                                                                                                                                                                                                                                                         
      7566 JONES                      7839 KING                                                                                                                                                                                                                                                                                                                                                                                                                                                                                                                                                                         
      7698 BLAKE                      7839 KING                                                                                                                                                                                                                                                                                                                                                                                                                                                                                                                                                                         
      7934 MILLER                     7782 CLARK                                                                                                                                                                                                                                                                                                                                                                                                                                                                                                                                                                        
      7902 FORD                       7566 JONES                                                                                                                                                                                                                                                                                                                                                                                                                                                                                                                                                                        
      7788 SCOT                       7566 JONES                                                                                                                                                                                                                                                                                                                                                                                                                                                                                                                                                                        

32 rows selected.

SQL> select emp.EMP,emp.ENAME,emp.MGR,m.ENAME from emp left join emp m on emp.mgr=m.emp;

       EMP ENAME                       MGR ENAME                                                                                                                                                                                                                                                                                                                                                                                                                                                                                                                                                                        
---------- -------------------- ---------- --------------------                                                                                                                                                                                                                                                                                                                                                                                                                                                                                                                                                         
      7844 TURNER                     7698 BLAKE                                                                                                                                                                                                                                                                                                                                                                                                                                                                                                                                                                        
      7654 MARTIN                     7698 BLAKE                                                                                                                                                                                                                                                                                                                                                                                                                                                                                                                                                                        
      7521 WARD                       7698 BLAKE                                                                                                                                                                                                                                                                                                                                                                                                                                                                                                                                                                        
      7499 ALLEN                      7698 BLAKE                                                                                                                                                                                                                                                                                                                                                                                                                                                                                                                                                                        
      7902 FORD                       7566 JONES                                                                                                                                                                                                                                                                                                                                                                                                                                                                                                                                                                        
      7788 SCOT                       7566 JONES                                                                                                                                                                                                                                                                                                                                                                                                                                                                                                                                                                        
      7844 TURNER                     7698 BLAKE                                                                                                                                                                                                                                                                                                                                                                                                                                                                                                                                                                        
      7654 MARTIN                     7698 BLAKE                                                                                                                                                                                                                                                                                                                                                                                                                                                                                                                                                                        
      7521 WARD                       7698 BLAKE                                                                                                                                                                                                                                                                                                                                                                                                                                                                                                                                                                        
      7499 ALLEN                      7698 BLAKE                                                                                                                                                                                                                                                                                                                                                                                                                                                                                                                                                                        
      7844 TURNER                     7698 CLARK                                                                                                                                                                                                                                                                                                                                                                                                                                                                                                                                                                        

       EMP ENAME                       MGR ENAME                                                                                                                                                                                                                                                                                                                                                                                                                                                                                                                                                                        
---------- -------------------- ---------- --------------------                                                                                                                                                                                                                                                                                                                                                                                                                                                                                                                                                         
      7654 MARTIN                     7698 CLARK                                                                                                                                                                                                                                                                                                                                                                                                                                                                                                                                                                        
      7521 WARD                       7698 CLARK                                                                                                                                                                                                                                                                                                                                                                                                                                                                                                                                                                        
      7499 ALLEN                      7698 CLARK                                                                                                                                                                                                                                                                                                                                                                                                                                                                                                                                                                        
      7994 MILLES                     7788 SCOT                                                                                                                                                                                                                                                                                                                                                                                                                                                                                                                                                                         
      7876 ADAMS                      7788 SCOT                                                                                                                                                                                                                                                                                                                                                                                                                                                                                                                                                                         
      7566 JONES                      7839 KING                                                                                                                                                                                                                                                                                                                                                                                                                                                                                                                                                                         
      7782 CLARK                      7839 KING                                                                                                                                                                                                                                                                                                                                                                                                                                                                                                                                                                         
      7698 CLARK                      7839 KING                                                                                                                                                                                                                                                                                                                                                                                                                                                                                                                                                                         
      7698 BLAKE                      7839 KING                                                                                                                                                                                                                                                                                                                                                                                                                                                                                                                                                                         
      7566 JONES                      7839 KING                                                                                                                                                                                                                                                                                                                                                                                                                                                                                                                                                                         
      7698 BLAKE                      7839 KING                                                                                                                                                                                                                                                                                                                                                                                                                                                                                                                                                                         

       EMP ENAME                       MGR ENAME                                                                                                                                                                                                                                                                                                                                                                                                                                                                                                                                                                        
---------- -------------------- ---------- --------------------                                                                                                                                                                                                                                                                                                                                                                                                                                                                                                                                                         
      7369 Smith                      7902 FORD                                                                                                                                                                                                                                                                                                                                                                                                                                                                                                                                                                         
      7566 JONES                      7839 KING                                                                                                                                                                                                                                                                                                                                                                                                                                                                                                                                                                         
      7782 CLARK                      7839 KING                                                                                                                                                                                                                                                                                                                                                                                                                                                                                                                                                                         
      7698 CLARK                      7839 KING                                                                                                                                                                                                                                                                                                                                                                                                                                                                                                                                                                         
      7698 BLAKE                      7839 KING                                                                                                                                                                                                                                                                                                                                                                                                                                                                                                                                                                         
      7566 JONES                      7839 KING                                                                                                                                                                                                                                                                                                                                                                                                                                                                                                                                                                         
      7698 BLAKE                      7839 KING                                                                                                                                                                                                                                                                                                                                                                                                                                                                                                                                                                         
      7934 MILLER                     7782 CLARK                                                                                                                                                                                                                                                                                                                                                                                                                                                                                                                                                                        
      7902 FORD                       7566 JONES                                                                                                                                                                                                                                                                                                                                                                                                                                                                                                                                                                        
      7788 SCOT                       7566 JONES                                                                                                                                                                                                                                                                                                                                                                                                                                                                                                                                                                        
      7839 KING                                                                                                                                                                                                                                                                                                                                                                                                                                                                                                                                                                                                         

       EMP ENAME                       MGR ENAME                                                                                                                                                                                                                                                                                                                                                                                                                                                                                                                                                                        
---------- -------------------- ---------- --------------------                                                                                                                                                                                                                                                                                                                                                                                                                                                                                                                                                         
      7839 KING                                                                                                                                                                                                                                                                                                                                                                                                                                                                                                                                                                                                         
      8034 MILES                      7666                                                                                                                                                                                                                                                                                                                                                                                                                                                                                                                                                                              
      8868 WILLIAM                    7885                                                                                                                                                                                                                                                                                                                                                                                                                                                                                                                                                                              
      8888 SAM                        7785                                                                                                                                                                                                                                                                                                                                                                                                                                                                                                                                                                              
      7900 JAMES                      7968                                                                                                                                                                                                                                                                                                                                                                                                                                                                                                                                                                              
      7834 GARV                       7822                                                                                                                                                                                                                                                                                                                                                                                                                                                                                                                                                                              

39 rows selected.

SQL> select emp.EMP,emp.ENAME,emp.MGR,m.ENAME from emp
  2  ;
select emp.EMP,emp.ENAME,emp.MGR,m.ENAME from emp
                                 *
ERROR at line 1:
ORA-00904: "M"."ENAME": invalid identifier 


SQL> select emp.EMP,emp.ENAME,emp.MGR,emp.ENAME from emp;

       EMP ENAME                       MGR ENAME                                                                                                                                                                                                                                                                                                                                                                                                                                                                                                                                                                        
---------- -------------------- ---------- --------------------                                                                                                                                                                                                                                                                                                                                                                                                                                                                                                                                                         
      7698 BLAKE                      7839 BLAKE                                                                                                                                                                                                                                                                                                                                                                                                                                                                                                                                                                        
      7369 Smith                      7902 Smith                                                                                                                                                                                                                                                                                                                                                                                                                                                                                                                                                                        
      7499 ALLEN                      7698 ALLEN                                                                                                                                                                                                                                                                                                                                                                                                                                                                                                                                                                        
      7521 WARD                       7698 WARD                                                                                                                                                                                                                                                                                                                                                                                                                                                                                                                                                                         
      7566 JONES                      7839 JONES                                                                                                                                                                                                                                                                                                                                                                                                                                                                                                                                                                        
      7654 MARTIN                     7698 MARTIN                                                                                                                                                                                                                                                                                                                                                                                                                                                                                                                                                                       
      7698 BLAKE                      7839 BLAKE                                                                                                                                                                                                                                                                                                                                                                                                                                                                                                                                                                        
      7698 CLARK                      7839 CLARK                                                                                                                                                                                                                                                                                                                                                                                                                                                                                                                                                                        
      7788 SCOT                       7566 SCOT                                                                                                                                                                                                                                                                                                                                                                                                                                                                                                                                                                         
      7839 KING                            KING                                                                                                                                                                                                                                                                                                                                                                                                                                                                                                                                                                         
      7844 TURNER                     7698 TURNER                                                                                                                                                                                                                                                                                                                                                                                                                                                                                                                                                                       

       EMP ENAME                       MGR ENAME                                                                                                                                                                                                                                                                                                                                                                                                                                                                                                                                                                        
---------- -------------------- ---------- --------------------                                                                                                                                                                                                                                                                                                                                                                                                                                                                                                                                                         
      7876 ADAMS                      7788 ADAMS                                                                                                                                                                                                                                                                                                                                                                                                                                                                                                                                                                        
      7900 JAMES                      7968 JAMES                                                                                                                                                                                                                                                                                                                                                                                                                                                                                                                                                                        
      7902 FORD                       7566 FORD                                                                                                                                                                                                                                                                                                                                                                                                                                                                                                                                                                         
      7934 MILLER                     7782 MILLER                                                                                                                                                                                                                                                                                                                                                                                                                                                                                                                                                                       
      7994 MILLES                     7788 MILLES                                                                                                                                                                                                                                                                                                                                                                                                                                                                                                                                                                       
      7834 GARV                       7822 GARV                                                                                                                                                                                                                                                                                                                                                                                                                                                                                                                                                                         
      8034 MILES                      7666 MILES                                                                                                                                                                                                                                                                                                                                                                                                                                                                                                                                                                        
      8888 SAM                        7785 SAM                                                                                                                                                                                                                                                                                                                                                                                                                                                                                                                                                                          
      8868 WILLIAM                    7885 WILLIAM                                                                                                                                                                                                                                                                                                                                                                                                                                                                                                                                                                      
      7839 KING                            KING                                                                                                                                                                                                                                                                                                                                                                                                                                                                                                                                                                         
      7782 CLARK                      7839 CLARK                                                                                                                                                                                                                                                                                                                                                                                                                                                                                                                                                                        

       EMP ENAME                       MGR ENAME                                                                                                                                                                                                                                                                                                                                                                                                                                                                                                                                                                        
---------- -------------------- ---------- --------------------                                                                                                                                                                                                                                                                                                                                                                                                                                                                                                                                                         
      7566 JONES                      7839 JONES                                                                                                                                                                                                                                                                                                                                                                                                                                                                                                                                                                        

23 rows selected.

SQL> commit;

Commit complete.

SQL> spool out
